Component: ARM Compiler 5.06 update 4 (build 422) Tool: armlink [4d35d2]

==============================================================================

Section Cross References

    main.o(i.Adc_Multi_Init) refers to stm32f10x_rcc.o(i.RCC_APB2PeriphClockCmd) for RCC_APB2PeriphClockCmd
    main.o(i.Adc_Multi_Init) refers to stm32f10x_gpio.o(i.GPIO_Init) for GPIO_Init
    main.o(i.Adc_Multi_Init) refers to stm32f10x_adc.o(i.ADC_DeInit) for ADC_DeInit
    main.o(i.Adc_Multi_Init) refers to stm32f10x_adc.o(i.ADC_Init) for ADC_Init
    main.o(i.Adc_Multi_Init) refers to stm32f10x_adc.o(i.ADC_RegularChannelConfig) for ADC_RegularChannelConfig
    main.o(i.Adc_Multi_Init) refers to stm32f10x_adc.o(i.ADC_Cmd) for ADC_Cmd
    main.o(i.Adc_Multi_Init) refers to stm32f10x_adc.o(i.ADC_ResetCalibration) for ADC_ResetCalibration
    main.o(i.Adc_Multi_Init) refers to stm32f10x_adc.o(i.ADC_GetResetCalibrationStatus) for ADC_GetResetCalibrationStatus
    main.o(i.Adc_Multi_Init) refers to stm32f10x_adc.o(i.ADC_StartCalibration) for ADC_StartCalibration
    main.o(i.Adc_Multi_Init) refers to stm32f10x_adc.o(i.ADC_GetCalibrationStatus) for ADC_GetCalibrationStatus
    main.o(i.Adc_Multi_Init) refers to stm32f10x_adc.o(i.ADC_SoftwareStartConvCmd) for ADC_SoftwareStartConvCmd
    main.o(i.Get_Adc) refers to stm32f10x_adc.o(i.ADC_SoftwareStartConvCmd) for ADC_SoftwareStartConvCmd
    main.o(i.Get_Adc) refers to stm32f10x_adc.o(i.ADC_GetFlagStatus) for ADC_GetFlagStatus
    main.o(i.Get_Adc) refers to stm32f10x_adc.o(i.ADC_GetConversionValue) for ADC_GetConversionValue
    main.o(i.NVIC_Configuration1) refers to misc.o(i.NVIC_SetVectorTable) for NVIC_SetVectorTable
    main.o(i.NVIC_Configuration1) refers to misc.o(i.NVIC_PriorityGroupConfig) for NVIC_PriorityGroupConfig
    main.o(i.NVIC_Configuration1) refers to misc.o(i.NVIC_Init) for NVIC_Init
    main.o(i.Neon_Flip) refers to stm32f10x_gpio.o(i.GPIO_ResetBits) for GPIO_ResetBits
    main.o(i.Neon_Flip) refers to stm32f10x_gpio.o(i.GPIO_SetBits) for GPIO_SetBits
    main.o(i.Neon_Flip) refers to main.o(.data) for Neon_status
    main.o(i.Neon_Gpio_Init) refers to stm32f10x_rcc.o(i.RCC_APB2PeriphClockCmd) for RCC_APB2PeriphClockCmd
    main.o(i.Neon_Gpio_Init) refers to stm32f10x_gpio.o(i.GPIO_Init) for GPIO_Init
    main.o(i.Neon_Init) refers to stm32f10x_gpio.o(i.GPIO_ResetBits) for GPIO_ResetBits
    main.o(i.Neon_Init) refers to main.o(.data) for Neon_status
    main.o(i.RGB_ALL_ON) refers to stm32f10x_gpio.o(i.GPIO_ResetBits) for GPIO_ResetBits
    main.o(i.RGB_OFF) refers to stm32f10x_gpio.o(i.GPIO_SetBits) for GPIO_SetBits
    main.o(i.RGB_ON) refers to main.o(i.random) for random
    main.o(i.RGB_ON) refers to stm32f10x_gpio.o(i.GPIO_SetBits) for GPIO_SetBits
    main.o(i.RGB_ON) refers to stm32f10x_gpio.o(i.GPIO_ResetBits) for GPIO_ResetBits
    main.o(i.RGB_ON) refers to main.o(.data) for voltage
    main.o(i.RGB_gpio_init) refers to stm32f10x_rcc.o(i.RCC_APB2PeriphClockCmd) for RCC_APB2PeriphClockCmd
    main.o(i.RGB_gpio_init) refers to stm32f10x_rcc.o(i.RCC_APB2PeriphResetCmd) for RCC_APB2PeriphResetCmd
    main.o(i.RGB_gpio_init) refers to stm32f10x_gpio.o(i.GPIO_Init) for GPIO_Init
    main.o(i.RGB_gpio_init) refers to stm32f10x_gpio.o(i.GPIO_PinRemapConfig) for GPIO_PinRemapConfig
    main.o(i.USART1_Configuration) refers to stm32f10x_rcc.o(i.RCC_APB2PeriphClockCmd) for RCC_APB2PeriphClockCmd
    main.o(i.USART1_Configuration) refers to stm32f10x_gpio.o(i.GPIO_Init) for GPIO_Init
    main.o(i.USART1_Configuration) refers to stm32f10x_usart.o(i.USART_Init) for USART_Init
    main.o(i.USART1_Configuration) refers to stm32f10x_usart.o(i.USART_ITConfig) for USART_ITConfig
    main.o(i.USART1_Configuration) refers to stm32f10x_usart.o(i.USART_Cmd) for USART_Cmd
    main.o(i.key_init) refers to stm32f10x_rcc.o(i.RCC_APB2PeriphClockCmd) for RCC_APB2PeriphClockCmd
    main.o(i.key_init) refers to stm32f10x_rcc.o(i.RCC_APB2PeriphResetCmd) for RCC_APB2PeriphResetCmd
    main.o(i.key_init) refers to stm32f10x_gpio.o(i.GPIO_Init) for GPIO_Init
    main.o(i.key_init) refers to stm32f10x_gpio.o(i.GPIO_PinRemapConfig) for GPIO_PinRemapConfig
    main.o(i.main) refers to hv57708.o(i.HV57708_Init) for HV57708_Init
    main.o(i.main) refers to myiic.o(i.IIC_GPIO_Config) for IIC_GPIO_Config
    main.o(i.main) refers to main.o(i.Adc_Multi_Init) for Adc_Multi_Init
    main.o(i.main) refers to main.o(i.Neon_Gpio_Init) for Neon_Gpio_Init
    main.o(i.main) refers to main.o(i.Neon_Init) for Neon_Init
    main.o(i.main) refers to main.o(i.key_init) for key_init
    main.o(i.main) refers to main.o(i.NVIC_Configuration1) for NVIC_Configuration1
    main.o(i.main) refers to main.o(i.USART1_Configuration) for USART1_Configuration
    main.o(i.main) refers to ds3231.o(i.Time_Handle) for Time_Handle
    main.o(i.main) refers to main.o(i.RGB_gpio_init) for RGB_gpio_init
[...]
    Removing stm32f10x_adc.o(i.ADC_ExternalTrigInjectedConvConfig), (16 bytes).
    Removing stm32f10x_adc.o(i.ADC_GetDualModeConversionValue), (12 bytes).
    Removing stm32f10x_adc.o(i.ADC_GetITStatus), (36 bytes).
    Removing stm32f10x_adc.o(i.ADC_GetInjectedConversionValue), (28 bytes).
    Removing stm32f10x_adc.o(i.ADC_GetSoftwareStartConvStatus), (20 bytes).
    Removing stm32f10x_adc.o(i.ADC_GetSoftwareStartInjectedConvCmdStatus), (20 bytes).
    Removing stm32f10x_adc.o(i.ADC_ITConfig), (24 bytes).
    Removing stm32f10x_adc.o(i.ADC_InjectedChannelConfig), (130 bytes).
    Removing stm32f10x_adc.o(i.ADC_InjectedDiscModeCmd), (22 bytes).
    Removing stm32f10x_adc.o(i.ADC_InjectedSequencerLengthConfig), (24 bytes).
    Removing stm32f10x_adc.o(i.ADC_SetInjectedOffset), (20 bytes).
    Removing stm32f10x_adc.o(i.ADC_SoftwareStartInjectedConvCmd), (22 bytes).
    Removing stm32f10x_adc.o(i.ADC_StructInit), (18 bytes).
    Removing stm32f10x_adc.o(i.ADC_TempSensorVrefintCmd), (36 bytes).
    Removing stm32f10x_bkp.o(i.BKP_ClearFlag), (20 bytes).
    Removing stm32f10x_bkp.o(i.BKP_ClearITPendingBit), (20 bytes).
    Removing stm32f10x_bkp.o(i.BKP_DeInit), (16 bytes).
    Removing stm32f10x_bkp.o(i.BKP_GetFlagStatus), (12 bytes).
    Removing stm32f10x_bkp.o(i.BKP_GetITStatus), (12 bytes).
    Removing stm32f10x_bkp.o(i.BKP_ITConfig), (12 bytes).
    Removing stm32f10x_bkp.o(i.BKP_RTCOutputConfig), (28 bytes).
    Removing stm32f10x_bkp.o(i.BKP_ReadBackupRegister), (28 bytes).
    Removing stm32f10x_bkp.o(i.BKP_SetRTCCalibrationValue), (28 bytes).
    Removing stm32f10x_bkp.o(i.BKP_TamperPinCmd), (12 bytes).
    Removing stm32f10x_bkp.o(i.BKP_TamperPinLevelConfig), (12 bytes).
    Removing stm32f10x_bkp.o(i.BKP_WriteBackupRegister), (28 bytes).
    Removing stm32f10x_can.o(i.CAN_CancelTransmit), (48 bytes).
    Removing stm32f10x_can.o(i.CAN_ClearFlag), (56 bytes).
    Removing stm32f10x_can.o(i.CAN_ClearITPendingBit), (168 bytes).
    Removing stm32f10x_can.o(i.CAN_DBGFreeze), (22 bytes).
    Removing stm32f10x_can.o(i.CAN_DeInit), (56 bytes).
    Removing stm32f10x_can.o(i.CAN_FIFORelease), (22 bytes).
    Removing stm32f10x_can.o(i.CAN_FilterInit), (264 bytes).
    Removing stm32f10x_can.o(i.CAN_GetFlagStatus), (120 bytes).
    Removing stm32f10x_can.o(i.CAN_GetITStatus), (288 bytes).
    Removing stm32f10x_can.o(i.CAN_GetLSBTransmitErrorCounter), (12 bytes).
    Removing stm32f10x_can.o(i.CAN_GetLastErrorCode), (12 bytes).
    Removing stm32f10x_can.o(i.CAN_GetReceiveErrorCounter), (10 bytes).
    Removing stm32f10x_can.o(i.CAN_ITConfig), (18 bytes).
    Removing stm32f10x_can.o(i.CAN_Init), (276 bytes).
    Removing stm32f10x_can.o(i.CAN_MessagePending), (30 bytes).
    Removing stm32f10x_can.o(i.CAN_OperatingModeRequest), (162 bytes).
    Removing stm32f10x_can.o(i.CAN_Receive), (240 bytes).
    Removing stm32f10x_can.o(i.CAN_SlaveStartBank), (52 bytes).
    Removing stm32f10x_can.o(i.CAN_Sleep), (30 bytes).
    Removing stm32f10x_can.o(i.CAN_StructInit), (32 bytes).
    Removing stm32f10x_can.o(i.CAN_TTComModeCmd), (118 bytes).
    Removing stm32f10x_can.o(i.CAN_Transmit), (294 bytes).
    Removing stm32f10x_can.o(i.CAN_TransmitStatus), (160 bytes).
    Removing stm32f10x_can.o(i.CAN_WakeUp), (48 bytes).
    Removing stm32f10x_can.o(i.CheckITStatus), (18 bytes).
    Removing stm32f10x_cec.o(i.CEC_ClearFlag), (36 bytes).
    Removing stm32f10x_cec.o(i.CEC_ClearITPendingBit), (36 bytes).
    Removing stm32f10x_cec.o(i.CEC_Cmd), (32 bytes).
    Removing stm32f10x_cec.o(i.CEC_DeInit), (22 bytes).
    Removing stm32f10x_cec.o(i.CEC_EndOfMessageCmd), (12 bytes).
    Removing stm32f10x_cec.o(i.CEC_GetFlagStatus), (48 bytes).
    Removing stm32f10x_cec.o(i.CEC_GetITStatus), (40 bytes).
    Removing stm32f10x_cec.o(i.CEC_ITConfig), (12 bytes).
    Removing stm32f10x_cec.o(i.CEC_Init), (32 bytes).
    Removing stm32f10x_cec.o(i.CEC_OwnAddressConfig), (12 bytes).
    Removing stm32f10x_cec.o(i.CEC_ReceiveDataByte), (12 bytes).
    Removing stm32f10x_cec.o(i.CEC_SendDataByte), (12 bytes).
    Removing stm32f10x_cec.o(i.CEC_SetPrescaler), (12 bytes).
    Removing stm32f10x_cec.o(i.CEC_StartOfMessage), (12 bytes).
    Removing stm32f10x_crc.o(i.CRC_CalcBlockCRC), (36 bytes).
    Removing stm32f10x_crc.o(i.CRC_CalcCRC), (16 bytes).
    Removing stm32f10x_crc.o(i.CRC_GetCRC), (12 bytes).
    Removing stm32f10x_crc.o(i.CRC_GetIDRegister), (12 bytes).
    Removing stm32f10x_crc.o(i.CRC_ResetDR), (12 bytes).
    Removing stm32f10x_crc.o(i.CRC_SetIDRegister), (12 bytes).
    Removing stm32f10x_dac.o(i.DAC_Cmd), (40 bytes).
    Removing stm32f10x_dac.o(i.DAC_DMACmd), (44 bytes).
    Removing stm32f10x_dac.o(i.DAC_DeInit), (22 bytes).
    Removing stm32f10x_dac.o(i.DAC_DualSoftwareTriggerCmd), (36 bytes).
    Removing stm32f10x_dac.o(i.DAC_GetDataOutputValue), (36 bytes).
    Removing stm32f10x_dac.o(i.DAC_Init), (52 bytes).
    Removing stm32f10x_dac.o(i.DAC_SetChannel1Data), (32 bytes).
    Removing stm32f10x_dac.o(i.DAC_SetChannel2Data), (32 bytes).
    Removing stm32f10x_dac.o(i.DAC_SetDualChannelData), (36 bytes).
    Removing stm32f10x_dac.o(i.DAC_SoftwareTriggerCmd), (44 bytes).
    Removing stm32f10x_dac.o(i.DAC_StructInit), (12 bytes).
    Removing stm32f10x_dac.o(i.DAC_WaveGenerationCmd), (40 bytes).
    Removing stm32f10x_dbgmcu.o(i.DBGMCU_Config), (32 bytes).
    Removing stm32f10x_dbgmcu.o(i.DBGMCU_GetDEVID), (16 bytes).
    Removing stm32f10x_dbgmcu.o(i.DBGMCU_GetREVID), (12 bytes).
    Removing stm32f10x_dma.o(i.DMA_ClearFlag), (28 bytes).
    Removing stm32f10x_dma.o(i.DMA_ClearITPendingBit), (28 bytes).
    Removing stm32f10x_dma.o(i.DMA_Cmd), (24 bytes).
    Removing stm32f10x_dma.o(i.DMA_DeInit), (332 bytes).
    Removing stm32f10x_dma.o(i.DMA_GetCurrDataCounter), (8 bytes).
    Removing stm32f10x_dma.o(i.DMA_GetFlagStatus), (44 bytes).
    Removing stm32f10x_dma.o(i.DMA_GetITStatus), (44 bytes).
    Removing stm32f10x_dma.o(i.DMA_ITConfig), (18 bytes).
    Removing stm32f10x_dma.o(i.DMA_Init), (60 bytes).
    Removing stm32f10x_dma.o(i.DMA_SetCurrDataCounter), (4 bytes).
    Removing stm32f10x_dma.o(i.DMA_StructInit), (26 bytes).
    Removing stm32f10x_exti.o(i.EXTI_ClearFlag), (12 bytes).
    Removing stm32f10x_exti.o(i.EXTI_ClearITPendingBit), (12 bytes).
    Removing stm32f10x_exti.o(i.EXTI_DeInit), (36 bytes).
    Removing stm32f10x_exti.o(i.EXTI_GenerateSWInterrupt), (16 bytes).
    Removing stm32f10x_exti.o(i.EXTI_GetFlagStatus), (24 bytes).
    Removing stm32f10x_exti.o(i.EXTI_GetITStatus), (40 bytes).
    Removing stm32f10x_exti.o(i.EXTI_Init), (148 bytes).
    Removing stm32f10x_exti.o(i.EXTI_StructInit), (16 bytes).
    Removing stm32f10x_fsmc.o(i.FSMC_ClearFlag), (64 bytes).
    Removing stm32f10x_fsmc.o(i.FSMC_ClearITPendingBit), (72 bytes).
    Removing stm32f10x_fsmc.o(i.FSMC_GetECC), (28 bytes).
    Removing stm32f10x_fsmc.o(i.FSMC_GetFlagStatus), (56 bytes).
    Removing stm32f10x_fsmc.o(i.FSMC_GetITStatus), (68 bytes).
    Removing stm32f10x_fsmc.o(i.FSMC_ITConfig), (128 bytes).
    Removing stm32f10x_fsmc.o(i.FSMC_NANDCmd), (92 bytes).
    Removing stm32f10x_fsmc.o(i.FSMC_NANDDeInit), (68 bytes).
    Removing stm32f10x_fsmc.o(i.FSMC_NANDECCCmd), (92 bytes).
    Removing stm32f10x_fsmc.o(i.FSMC_NANDInit), (136 bytes).
    Removing stm32f10x_fsmc.o(i.FSMC_NANDStructInit), (54 bytes).
    Removing stm32f10x_fsmc.o(i.FSMC_NORSRAMCmd), (52 bytes).
    Removing stm32f10x_fsmc.o(i.FSMC_NORSRAMDeInit), (54 bytes).
    Removing stm32f10x_fsmc.o(i.FSMC_NORSRAMInit), (230 bytes).
    Removing stm32f10x_fsmc.o(i.FSMC_NORSRAMStructInit), (114 bytes).
    Removing stm32f10x_fsmc.o(i.FSMC_PCCARDCmd), (48 bytes).
    Removing stm32f10x_fsmc.o(i.FSMC_PCCARDDeInit), (40 bytes).
    Removing stm32f10x_fsmc.o(i.FSMC_PCCARDInit), (132 bytes).
    Removing stm32f10x_fsmc.o(i.FSMC_PCCARDStructInit), (60 bytes).
    Removing stm32f10x_i2c.o(i.I2C_ARPCmd), (24 bytes).
    Removing stm32f10x_i2c.o(i.I2C_AcknowledgeConfig), (24 bytes).
    Removing stm32f10x_i2c.o(i.I2C_CalculatePEC), (24 bytes).
    Removing stm32f10x_i2c.o(i.I2C_CheckEvent), (42 bytes).
    Removing stm32f10x_i2c.o(i.I2C_ClearFlag), (12 bytes).
    Removing stm32f10x_i2c.o(i.I2C_ClearITPendingBit), (12 bytes).
    Removing stm32f10x_i2c.o(i.I2C_Cmd), (24 bytes).
    Removing stm32f10x_i2c.o(i.I2C_DMACmd), (24 bytes).
    Removing stm32f10x_i2c.o(i.I2C_DMALastTransferCmd), (24 bytes).
    Removing stm32f10x_i2c.o(i.I2C_DeInit), (56 bytes).
    Removing stm32f10x_i2c.o(i.I2C_DualAddressCmd), (24 bytes).
    Removing stm32f10x_i2c.o(i.I2C_FastModeDutyCycleConfig), (28 bytes).
    Removing stm32f10x_i2c.o(i.I2C_GeneralCallCmd), (24 bytes).
    Removing stm32f10x_i2c.o(i.I2C_GenerateSTART), (24 bytes).
    Removing stm32f10x_i2c.o(i.I2C_GenerateSTOP), (24 bytes).
    Removing stm32f10x_i2c.o(i.I2C_GetFlagStatus), (58 bytes).
    Removing stm32f10x_i2c.o(i.I2C_GetITStatus), (38 bytes).
    Removing stm32f10x_i2c.o(i.I2C_GetLastEvent), (26 bytes).
    Removing stm32f10x_i2c.o(i.I2C_GetPEC), (8 bytes).
    Removing stm32f10x_i2c.o(i.I2C_ITConfig), (18 bytes).
    Removing stm32f10x_i2c.o(i.I2C_Init), (236 bytes).
    Removing stm32f10x_i2c.o(i.I2C_NACKPositionConfig), (28 bytes).
    Removing stm32f10x_i2c.o(i.I2C_OwnAddress2Config), (22 bytes).
    Removing stm32f10x_i2c.o(i.I2C_PECPositionConfig), (28 bytes).
    Removing stm32f10x_i2c.o(i.I2C_ReadRegister), (22 bytes).
    Removing stm32f10x_i2c.o(i.I2C_ReceiveData), (8 bytes).
    Removing stm32f10x_i2c.o(i.I2C_SMBusAlertConfig), (28 bytes).
    Removing stm32f10x_i2c.o(i.I2C_Send7bitAddress), (18 bytes).
    Removing stm32f10x_i2c.o(i.I2C_SendData), (4 bytes).
    Removing stm32f10x_i2c.o(i.I2C_SoftwareResetCmd), (22 bytes).
    Removing stm32f10x_i2c.o(i.I2C_StretchClockCmd), (24 bytes).
    Removing stm32f10x_i2c.o(i.I2C_StructInit), (30 bytes).
    Removing stm32f10x_i2c.o(i.I2C_TransmitPEC), (24 bytes).
    Removing stm32f10x_iwdg.o(i.IWDG_Enable), (16 bytes).
    Removing stm32f10x_iwdg.o(i.IWDG_GetFlagStatus), (24 bytes).
    Removing stm32f10x_iwdg.o(i.IWDG_ReloadCounter), (16 bytes).
    Removing stm32f10x_iwdg.o(i.IWDG_SetPrescaler), (12 bytes).
    Removing stm32f10x_iwdg.o(i.IWDG_SetReload), (12 bytes).
    Removing stm32f10x_iwdg.o(i.IWDG_WriteAccessCmd), (12 bytes).
    Removing stm32f10x_pwr.o(i.PWR_BackupAccessCmd), (12 bytes).
    Removing stm32f10x_pwr.o(i.PWR_ClearFlag), (20 bytes).
    Removing stm32f10x_pwr.o(i.PWR_DeInit), (22 bytes).
    Removing stm32f10x_pwr.o(i.PWR_EnterSTANDBYMode), (52 bytes).
    Removing stm32f10x_pwr.o(i.PWR_EnterSTOPMode), (64 bytes).
    Removing stm32f10x_pwr.o(i.PWR_GetFlagStatus), (24 bytes).
    Removing stm32f10x_pwr.o(i.PWR_PVDCmd), (12 bytes).
    Removing stm32f10x_pwr.o(i.PWR_PVDLevelConfig), (24 bytes).
    Removing stm32f10x_pwr.o(i.PWR_WakeUpPinCmd), (12 bytes).
    Removing stm32f10x_rtc.o(i.RTC_ClearFlag), (16 bytes).
    Removing stm32f10x_rtc.o(i.RTC_ClearITPendingBit), (16 bytes).
    Removing stm32f10x_rtc.o(i.RTC_EnterConfigMode), (20 bytes).
    Removing stm32f10x_rtc.o(i.RTC_ExitConfigMode), (20 bytes).
    Removing stm32f10x_rtc.o(i.RTC_GetCounter), (20 bytes).
    Removing stm32f10x_rtc.o(i.RTC_GetDivider), (24 bytes).
    Removing stm32f10x_rtc.o(i.RTC_GetFlagStatus), (24 bytes).
    Removing stm32f10x_rtc.o(i.RTC_GetITStatus), (36 bytes).
    Removing stm32f10x_rtc.o(i.RTC_ITConfig), (32 bytes).
    Removing stm32f10x_rtc.o(i.RTC_SetAlarm), (28 bytes).
    Removing stm32f10x_rtc.o(i.RTC_SetCounter), (28 bytes).
    Removing stm32f10x_rtc.o(i.RTC_SetPrescaler), (32 bytes).
    Removing stm32f10x_rtc.o(i.RTC_WaitForLastTask), (20 bytes).
    Removing stm32f10x_rtc.o(i.RTC_WaitForSynchro), (36 bytes).
    Removing stm32f10x_sdio.o(i.SDIO_CEATAITCmd), (16 bytes).
    Removing stm32f10x_sdio.o(i.SDIO_ClearFlag), (12 bytes).
    Removing stm32f10x_sdio.o(i.SDIO_ClearITPendingBit), (12 bytes).
    Removing stm32f10x_sdio.o(i.SDIO_ClockCmd), (12 bytes).
    Removing stm32f10x_sdio.o(i.SDIO_CmdStructInit), (14 bytes).
    Removing stm32f10x_sdio.o(i.SDIO_CommandCompletionCmd), (12 bytes).
    Removing stm32f10x_sdio.o(i.SDIO_DMACmd), (12 bytes).
    Removing stm32f10x_sdio.o(i.SDIO_DataConfig), (48 bytes).
    Removing stm32f10x_sdio.o(i.SDIO_DataStructInit), (20 bytes).
    Removing stm32f10x_sdio.o(i.SDIO_DeInit), (36 bytes).
    Removing stm32f10x_sdio.o(i.SDIO_GetCommandResponse), (12 bytes).
    Removing stm32f10x_sdio.o(i.SDIO_GetDataCounter), (12 bytes).
    Removing stm32f10x_sdio.o(i.SDIO_GetFIFOCount), (12 bytes).
    Removing stm32f10x_sdio.o(i.SDIO_GetFlagStatus), (24 bytes).
    Removing stm32f10x_sdio.o(i.SDIO_GetITStatus), (24 bytes).
    Removing stm32f10x_sdio.o(i.SDIO_GetPowerState), (16 bytes).
    Removing stm32f10x_sdio.o(i.SDIO_GetResponse), (24 bytes).
    Removing stm32f10x_sdio.o(i.SDIO_ITConfig), (32 bytes).
    Removing stm32f10x_sdio.o(i.SDIO_Init), (48 bytes).
    Removing stm32f10x_sdio.o(i.SDIO_ReadData), (12 bytes).
    Removing stm32f10x_sdio.o(i.SDIO_SendCEATACmd), (12 bytes).
    Removing stm32f10x_sdio.o(i.SDIO_SendCommand), (44 bytes).
    Removing stm32f10x_sdio.o(i.SDIO_SendSDIOSuspendCmd), (12 bytes).
    Removing stm32f10x_sdio.o(i.SDIO_SetPowerState), (28 bytes).
    Removing stm32f10x_sdio.o(i.SDIO_SetSDIOOperation), (12 bytes).
    Removing stm32f10x_sdio.o(i.SDIO_SetSDIOReadWaitMode), (12 bytes).
    Removing stm32f10x_sdio.o(i.SDIO_StartSDIOReadWait), (12 bytes).
    Removing stm32f10x_sdio.o(i.SDIO_StopSDIOReadWait), (12 bytes).
    Removing stm32f10x_sdio.o(i.SDIO_StructInit), (16 bytes).
    Removing stm32f10x_sdio.o(i.SDIO_WriteData), (12 bytes).
    Removing stm32f10x_spi.o(i.I2S_Cmd), (24 bytes).
    Removing stm32f10x_spi.o(i.I2S_Init), (232 bytes).
    Removing stm32f10x_spi.o(i.I2S_StructInit), (20 bytes).
    Removing stm32f10x_spi.o(i.SPI_BiDirectionalLineConfig), (28 bytes).
    Removing stm32f10x_spi.o(i.SPI_CalculateCRC), (24 bytes).
    Removing stm32f10x_spi.o(i.SPI_Cmd), (24 bytes).
    Removing stm32f10x_spi.o(i.SPI_DataSizeConfig), (18 bytes).
    Removing stm32f10x_spi.o(i.SPI_GetCRC), (16 bytes).
    Removing stm32f10x_spi.o(i.SPI_GetCRCPolynomial), (6 bytes).
    Removing stm32f10x_spi.o(i.SPI_I2S_ClearFlag), (6 bytes).
    Removing stm32f10x_spi.o(i.SPI_I2S_ClearITPendingBit), (20 bytes).
    Removing stm32f10x_spi.o(i.SPI_I2S_DMACmd), (18 bytes).
    Removing stm32f10x_spi.o(i.SPI_I2S_DeInit), (88 bytes).
    Removing stm32f10x_spi.o(i.SPI_I2S_GetFlagStatus), (18 bytes).
    Removing stm32f10x_spi.o(i.SPI_I2S_GetITStatus), (52 bytes).
    Removing stm32f10x_spi.o(i.SPI_I2S_ITConfig), (32 bytes).
    Removing stm32f10x_spi.o(i.SPI_I2S_ReceiveData), (6 bytes).
    Removing stm32f10x_spi.o(i.SPI_I2S_SendData), (4 bytes).
    Removing stm32f10x_spi.o(i.SPI_Init), (60 bytes).
    Removing stm32f10x_spi.o(i.SPI_NSSInternalSoftwareConfig), (30 bytes).
    Removing stm32f10x_spi.o(i.SPI_SSOutputCmd), (24 bytes).
    Removing stm32f10x_spi.o(i.SPI_StructInit), (24 bytes).
    Removing stm32f10x_spi.o(i.SPI_TransmitCRC), (10 bytes).
    Removing stm32f10x_tim.o(i.TI1_Config), (128 bytes).
    Removing stm32f10x_tim.o(i.TI2_Config), (152 bytes).
    Removing stm32f10x_tim.o(i.TI3_Config), (144 bytes).
    Removing stm32f10x_tim.o(i.TI4_Config), (152 bytes).
    Removing stm32f10x_tim.o(i.TIM_ARRPreloadConfig), (24 bytes).
    Removing stm32f10x_tim.o(i.TIM_BDTRConfig), (32 bytes).
    Removing stm32f10x_tim.o(i.TIM_BDTRStructInit), (18 bytes).
    Removing stm32f10x_tim.o(i.TIM_CCPreloadControl), (24 bytes).
    Removing stm32f10x_tim.o(i.TIM_CCxCmd), (30 bytes).
    Removing stm32f10x_tim.o(i.TIM_CCxNCmd), (30 bytes).
    Removing stm32f10x_tim.o(i.TIM_ClearFlag), (6 bytes).
    Removing stm32f10x_tim.o(i.TIM_ClearITPendingBit), (6 bytes).
    Removing stm32f10x_tim.o(i.TIM_ClearOC1Ref), (18 bytes).
    Removing stm32f10x_tim.o(i.TIM_ClearOC2Ref), (24 bytes).
    Removing stm32f10x_tim.o(i.TIM_ClearOC3Ref), (18 bytes).
    Removing stm32f10x_tim.o(i.TIM_ClearOC4Ref), (24 bytes).
    Removing stm32f10x_tim.o(i.TIM_Cmd), (24 bytes).
    Removing stm32f10x_tim.o(i.TIM_CounterModeConfig), (18 bytes).
    Removing stm32f10x_tim.o(i.TIM_CtrlPWMOutputs), (30 bytes).
    Removing stm32f10x_tim.o(i.TIM_DMACmd), (18 bytes).
    Removing stm32f10x_tim.o(i.TIM_DMAConfig), (10 bytes).
    Removing stm32f10x_tim.o(i.TIM_DeInit), (488 bytes).
    Removing stm32f10x_tim.o(i.TIM_ETRClockMode1Config), (54 bytes).
    Removing stm32f10x_tim.o(i.TIM_ETRClockMode2Config), (32 bytes).
    Removing stm32f10x_tim.o(i.TIM_ETRConfig), (28 bytes).
    Removing stm32f10x_tim.o(i.TIM_EncoderInterfaceConfig), (66 bytes).
    Removing stm32f10x_tim.o(i.TIM_ForcedOC1Config), (18 bytes).
    Removing stm32f10x_tim.o(i.TIM_ForcedOC2Config), (26 bytes).
    Removing stm32f10x_tim.o(i.TIM_ForcedOC3Config), (18 bytes).
    Removing stm32f10x_tim.o(i.TIM_ForcedOC4Config), (26 bytes).
    Removing stm32f10x_tim.o(i.TIM_GenerateEvent), (4 bytes).
    Removing stm32f10x_tim.o(i.TIM_GetCapture1), (6 bytes).
    Removing stm32f10x_tim.o(i.TIM_GetCapture2), (6 bytes).
    Removing stm32f10x_tim.o(i.TIM_GetCapture3), (6 bytes).
    Removing stm32f10x_tim.o(i.TIM_GetCapture4), (8 bytes).
    Removing stm32f10x_tim.o(i.TIM_GetCounter), (6 bytes).
    Removing stm32f10x_tim.o(i.TIM_GetFlagStatus), (18 bytes).
    Removing stm32f10x_tim.o(i.TIM_GetITStatus), (34 bytes).
    Removing stm32f10x_tim.o(i.TIM_GetPrescaler), (6 bytes).
    Removing stm32f10x_tim.o(i.TIM_ICInit), (172 bytes).
    Removing stm32f10x_tim.o(i.TIM_ICStructInit), (18 bytes).
    Removing stm32f10x_tim.o(i.TIM_ITConfig), (18 bytes).
    Removing stm32f10x_tim.o(i.TIM_ITRxExternalClockConfig), (24 bytes).
    Removing stm32f10x_tim.o(i.TIM_InternalClockConfig), (12 bytes).
    Removing stm32f10x_tim.o(i.TIM_OC1FastConfig), (18 bytes).
    Removing stm32f10x_tim.o(i.TIM_OC1Init), (152 bytes).
    Removing stm32f10x_tim.o(i.TIM_OC1NPolarityConfig), (18 bytes).
    Removing stm32f10x_tim.o(i.TIM_OC1PolarityConfig), (18 bytes).
    Removing stm32f10x_tim.o(i.TIM_OC1PreloadConfig), (18 bytes).
    Removing stm32f10x_tim.o(i.TIM_OC2FastConfig), (26 bytes).
    Removing stm32f10x_tim.o(i.TIM_OC2Init), (164 bytes).
    Removing stm32f10x_tim.o(i.TIM_OC2NPolarityConfig), (26 bytes).
    Removing stm32f10x_tim.o(i.TIM_OC2PolarityConfig), (26 bytes).
    Removing stm32f10x_tim.o(i.TIM_OC2PreloadConfig), (26 bytes).
    Removing stm32f10x_tim.o(i.TIM_OC3FastConfig), (18 bytes).
    Removing stm32f10x_tim.o(i.TIM_OC3Init), (160 bytes).
    Removing stm32f10x_tim.o(i.TIM_OC3NPolarityConfig), (26 bytes).
    Removing stm32f10x_tim.o(i.TIM_OC3PolarityConfig), (26 bytes).
    Removing stm32f10x_tim.o(i.TIM_OC3PreloadConfig), (18 bytes).
    Removing stm32f10x_tim.o(i.TIM_OC4FastConfig), (26 bytes).
    Removing stm32f10x_tim.o(i.TIM_OC4Init), (124 bytes).
    Removing stm32f10x_tim.o(i.TIM_OC4PolarityConfig), (26 bytes).
    Removing stm32f10x_tim.o(i.TIM_OC4PreloadConfig), (26 bytes).
    Removing stm32f10x_tim.o(i.TIM_OCStructInit), (20 bytes).
    Removing stm32f10x_tim.o(i.TIM_PWMIConfig), (124 bytes).
    Removing stm32f10x_tim.o(i.TIM_PrescalerConfig), (6 bytes).
    Removing stm32f10x_tim.o(i.TIM_SelectCCDMA), (24 bytes).
    Removing stm32f10x_tim.o(i.TIM_SelectCOM), (24 bytes).
    Removing stm32f10x_tim.o(i.TIM_SelectHallSensor), (24 bytes).
    Removing stm32f10x_tim.o(i.TIM_SelectInputTrigger), (18 bytes).
    Removing stm32f10x_tim.o(i.TIM_SelectMasterSlaveMode), (18 bytes).
    Removing stm32f10x_tim.o(i.TIM_SelectOCxM), (82 bytes).
    Removing stm32f10x_tim.o(i.TIM_SelectOnePulseMode), (18 bytes).
    Removing stm32f10x_tim.o(i.TIM_SelectOutputTrigger), (18 bytes).
    Removing stm32f10x_tim.o(i.TIM_SelectSlaveMode), (18 bytes).
    Removing stm32f10x_tim.o(i.TIM_SetAutoreload), (4 bytes).
    Removing stm32f10x_tim.o(i.TIM_SetClockDivision), (18 bytes).
    Removing stm32f10x_tim.o(i.TIM_SetCompare1), (4 bytes).
    Removing stm32f10x_tim.o(i.TIM_SetCompare2), (4 bytes).
    Removing stm32f10x_tim.o(i.TIM_SetCompare3), (4 bytes).
    Removing stm32f10x_tim.o(i.TIM_SetCompare4), (6 bytes).
    Removing stm32f10x_tim.o(i.TIM_SetCounter), (4 bytes).
    Removing stm32f10x_tim.o(i.TIM_SetIC1Prescaler), (18 bytes).
    Removing stm32f10x_tim.o(i.TIM_SetIC2Prescaler), (26 bytes).
    Removing stm32f10x_tim.o(i.TIM_SetIC3Prescaler), (18 bytes).
    Removing stm32f10x_tim.o(i.TIM_SetIC4Prescaler), (26 bytes).
    Removing stm32f10x_tim.o(i.TIM_TIxExternalClockConfig), (62 bytes).
    Removing stm32f10x_tim.o(i.TIM_TimeBaseInit), (164 bytes).
    Removing stm32f10x_tim.o(i.TIM_TimeBaseStructInit), (18 bytes).
    Removing stm32f10x_tim.o(i.TIM_UpdateDisableConfig), (24 bytes).
    Removing stm32f10x_tim.o(i.TIM_UpdateRequestConfig), (24 bytes).
    Removing stm32f10x_usart.o(i.USART_ClearFlag), (18 bytes).
    Removing stm32f10x_usart.o(i.USART_ClockInit), (34 bytes).
    Removing stm32f10x_usart.o(i.USART_ClockStructInit), (12 bytes).
    Removing stm32f10x_usart.o(i.USART_DMACmd), (18 bytes).
    Removing stm32f10x_usart.o(i.USART_DeInit), (156 bytes).
    Removing stm32f10x_usart.o(i.USART_HalfDuplexCmd), (24 bytes).
    Removing stm32f10x_usart.o(i.USART_IrDACmd), (24 bytes).
    Removing stm32f10x_usart.o(i.USART_IrDAConfig), (18 bytes).
    Removing stm32f10x_usart.o(i.USART_LINBreakDetectLengthConfig), (18 bytes).
    Removing stm32f10x_usart.o(i.USART_LINCmd), (24 bytes).
    Removing stm32f10x_usart.o(i.USART_OneBitMethodCmd), (24 bytes).
    Removing stm32f10x_usart.o(i.USART_OverSampling8Cmd), (22 bytes).
    Removing stm32f10x_usart.o(i.USART_ReceiverWakeUpCmd), (24 bytes).
    Removing stm32f10x_usart.o(i.USART_SendBreak), (10 bytes).
    Removing stm32f10x_usart.o(i.USART_SetAddress), (18 bytes).
    Removing stm32f10x_usart.o(i.USART_SetGuardTime), (16 bytes).
    Removing stm32f10x_usart.o(i.USART_SetPrescaler), (16 bytes).
    Removing stm32f10x_usart.o(i.USART_SmartCardCmd), (24 bytes).
    Removing stm32f10x_usart.o(i.USART_SmartCardNACKCmd), (24 bytes).
    Removing stm32f10x_usart.o(i.USART_StructInit), (24 bytes).
    Removing stm32f10x_usart.o(i.USART_WakeUpConfig), (18 bytes).
    Removing stm32f10x_usart.o(i.putchar), (44 bytes).
    Removing stm32f10x_wwdg.o(i.WWDG_ClearFlag), (12 bytes).
    Removing stm32f10x_wwdg.o(i.WWDG_DeInit), (22 bytes).
    Removing stm32f10x_wwdg.o(i.WWDG_Enable), (16 bytes).
    Removing stm32f10x_wwdg.o(i.WWDG_EnableIT), (12 bytes).
    Removing stm32f10x_wwdg.o(i.WWDG_GetFlagStatus), (12 bytes).
    Removing stm32f10x_wwdg.o(i.WWDG_SetCounter), (16 bytes).
    Removing stm32f10x_wwdg.o(i.WWDG_SetPrescaler), (24 bytes).
    Removing stm32f10x_wwdg.o(i.WWDG_SetWindowValue), (40 bytes).
    Removing core_cm3.o(.emb_text), (32 bytes).
    Removing system_stm32f10x.o(i.SystemCoreClockUpdate), (164 bytes).
    Removing system_stm32f10x.o(.data), (20 bytes).
    Removing startup_stm32f10x_md.o(HEAP), (512 bytes).
    Removing ffltui.o(.text), (10 bytes).
    Removing ffixui.o(.text), (40 bytes).

477 unused section(s) (total 20712 bytes) removed from the image.

==============================================================================

Image Symbol Table

    Local Symbols

    Symbol Name                              Value     Ov Type        Size  Object(Section)

    ../clib/microlib/init/entry.s            0x00000000   Number         0  entry11b.o ABSOLUTE
    ../clib/microlib/init/entry.s            0x00000000   Number         0  entry9a.o ABSOLUTE
    ../clib/microlib/init/entry.s            0x00000000   Number         0  entry8a.o ABSOLUTE
    ../clib/microlib/init/entry.s            0x00000000   Number         0  entry10a.o ABSOLUTE
    ../clib/microlib/init/entry.s            0x00000000   Number         0  entry2.o ABSOLUTE
    ../clib/microlib/init/entry.s            0x00000000   Number         0  entry5.o ABSOLUTE
    ../clib/microlib/init/entry.s            0x00000000   Number         0  entry7a.o ABSOLUTE
    ../clib/microlib/init/entry.s            0x00000000   Number         0  entry7b.o ABSOLUTE
    ../clib/microlib/init/entry.s            0x00000000   Number         0  entry8b.o ABSOLUTE
    ../clib/microlib/init/entry.s            0x00000000   Number         0  entry11a.o ABSOLUTE
    ../clib/microlib/init/entry.s            0x00000000   Number         0  entry10b.o ABSOLUTE
    ../clib/microlib/init/entry.s            0x00000000   Number         0  entry9b.o ABSOLUTE
    ../clib/microlib/init/entry.s            0x00000000   Number         0  entry.o ABSOLUTE
    ../clib/microlib/longlong.c              0x00000000   Number         0  llshl.o ABSOLUTE
    ../clib/microlib/longlong.c              0x00000000   Number         0  llushr.o ABSOLUTE
    ../clib/microlib/longlong.c              0x00000000   Number         0  llsshr.o ABSOLUTE
    ../clib/microlib/stdlib/rand.c           0x00000000   Number         0  rand.o ABSOLUTE
    ../clib/microlib/string/strcat.c         0x00000000   Number         0  strcat.o ABSOLUTE
    ../clib/microlib/string/strlen.c         0x00000000   Number         0  strlen.o ABSOLUTE
    ../clib/microlib/string/strncpy.c        0x00000000   Number         0  strncpy.o ABSOLUTE
    ../clib/microlib/stubs.s                 0x00000000   Number         0  iusefp.o ABSOLUTE
    ../fplib/microlib/d2f.c                  0x00000000   Number         0  d2f.o ABSOLUTE
    ../fplib/microlib/f2d.c                  0x00000000   Number         0  f2d.o ABSOLUTE
    ../fplib/microlib/fpadd.c                0x00000000   Number         0  fadd.o ABSOLUTE
    ../fplib/microlib/fpadd.c                0x00000000   Number         0  dadd.o ABSOLUTE
    ../fplib/microlib/fpdiv.c                0x00000000   Number         0  fdiv.o ABSOLUTE
    ../fplib/microlib/fpdiv.c                0x00000000   Number         0  ddiv.o ABSOLUTE
    ../fplib/microlib/fpepilogue.c           0x00000000   Number         0  depilogue.o ABSOLUTE
    ../fplib/microlib/fpepilogue.c           0x00000000   Number         0  fepilogue.o ABSOLUTE
    ../fplib/microlib/fpfix.c                0x00000000   Number         0  ffixi.o ABSOLUTE
    ../fplib/microlib/fpfix.c                0x00000000   Number         0  ffixui.o ABSOLUTE
    ../fplib/microlib/fpfix.c                0x00000000   Number         0  dfixi.o ABSOLUTE
    ../fplib/microlib/fpflt.c                0x00000000   Number         0  fflti.o ABSOLUTE
    ../fplib/microlib/fpflt.c                0x00000000   Number         0  ffltui.o ABSOLUTE
    ../fplib/microlib/fpflt.c                0x00000000   Number         0  dflti.o ABSOLUTE
    ../fplib/microlib/fpmul.c                0x00000000   Number         0  fmul.o ABSOLUTE
    ../fplib/microlib/fpmul.c                0x00000000   Number         0  dmul.o ABSOLUTE
    ..\Libraries\CMSIS\CM3\CoreSupport\core_cm3.c 0x00000000   Number         0  core_cm3.o ABSOLUTE
    ..\Libraries\CMSIS\CM3\DeviceSupport\ST\STM32F10x\startup\arm\startup_stm32f10x_md.s 0x00000000   Number         0  startup_stm32f10x_md.o ABSOLUTE
    ..\Libraries\STM32F10x_StdPeriph_Driver\src\misc.c 0x00000000   Number         0  misc.o ABSOLUTE
    ..\Libraries\STM32F10x_StdPeriph_Driver\src\stm32f10x_adc.c 0x00000000   Number         0  stm32f10x_adc.o ABSOLUTE
    ..\Libraries\STM32F10x_StdPeriph_Driver\src\stm32f10x_bkp.c 0x00000000   Number         0  stm32f10x_bkp.o ABSOLUTE
    ..\Libraries\STM32F10x_StdPeriph_Driver\src\stm32f10x_can.c 0x00000000   Number         0  stm32f10x_can.o ABSOLUTE
    ..\Libraries\STM32F10x_StdPeriph_Driver\src\stm32f10x_cec.c 0x00000000   Number         0  stm32f10x_cec.o ABSOLUTE
    ..\Libraries\STM32F10x_StdPeriph_Driver\src\stm32f10x_crc.c 0x00000000   Number         0  stm32f10x_crc.o ABSOLUTE
    ..\Libraries\STM32F10x_StdPeriph_Driver\src\stm32f10x_dac.c 0x00000000   Number         0  stm32f10x_dac.o ABSOLUTE
    ..\Libraries\STM32F10x_StdPeriph_Driver\src\stm32f10x_dbgmcu.c 0x00000000   Number         0  stm32f10x_dbgmcu.o ABSOLUTE
    ..\Libraries\STM32F10x_StdPeriph_Driver\src\stm32f10x_dma.c 0x00000000   Number         0  stm32f10x_dma.o ABSOLUTE
    ..\Libraries\STM32F10x_StdPeriph_Driver\src\stm32f10x_exti.c 0x00000000   Number         0  stm32f10x_exti.o ABSOLUTE
    ..\Libraries\STM32F10x_StdPeriph_Driver\src\stm32f10x_flash.c 0x00000000   Number         0  stm32f10x_flash.o ABSOLUTE
    ..\Libraries\STM32F10x_StdPeriph_Driver\src\stm32f10x_fsmc.c 0x00000000   Number         0  stm32f10x_fsmc.o ABSOLUTE
    ..\Libraries\STM32F10x_StdPeriph_Driver\src\stm32f10x_gpio.c 0x00000000   Number         0  stm32f10x_gpio.o ABSOLUTE
    ..\Libraries\STM32F10x_StdPeriph_Driver\src\stm32f10x_i2c.c 0x00000000   Number         0  stm32f10x_i2c.o ABSOLUTE
    ..\Libraries\STM32F10x_StdPeriph_Driver\src\stm32f10x_iwdg.c 0x00000000   Number         0  stm32f10x_iwdg.o ABSOLUTE
    ..\Libraries\STM32F10x_StdPeriph_Driver\src\stm32f10x_pwr.c 0x00000000   Number         0  stm32f10x_pwr.o ABSOLUTE
    ..\Libraries\STM32F10x_StdPeriph_Driver\src\stm32f10x_rcc.c 0x00000000   Number         0  stm32f10x_rcc.o ABSOLUTE
    ..\Libraries\STM32F10x_StdPeriph_Driver\src\stm32f10x_rtc.c 0x00000000   Number         0  stm32f10x_rtc.o ABSOLUTE
    ..\Libraries\STM32F10x_StdPeriph_Driver\src\stm32f10x_sdio.c 0x00000000   Number         0  stm32f10x_sdio.o ABSOLUTE
    ..\Libraries\STM32F10x_StdPeriph_Driver\src\stm32f10x_spi.c 0x00000000   Number         0  stm32f10x_spi.o ABSOLUTE
    ..\Libraries\STM32F10x_StdPeriph_Driver\src\stm32f10x_tim.c 0x00000000   Number         0  stm32f10x_tim.o ABSOLUTE
    ..\Libraries\STM32F10x_StdPeriph_Driver\src\stm32f10x_usart.c 0x00000000   Number         0  stm32f10x_usart.o ABSOLUTE
    ..\Libraries\STM32F10x_StdPeriph_Driver\src\stm32f10x_wwdg.c 0x00000000   Number         0  stm32f10x_wwdg.o ABSOLUTE
    ..\USER\BSP_Config.c                     0x00000000   Number         0  bsp_config.o ABSOLUTE
    ..\USER\DS3231.c                         0x00000000   Number         0  ds3231.o ABSOLUTE
    ..\USER\HV57708.c                        0x00000000   Number         0  hv57708.o ABSOLUTE
    ..\USER\gps.c                            0x00000000   Number         0  gps.o ABSOLUTE
    ..\USER\main.c                           0x00000000   Number         0  main.o ABSOLUTE
    ..\USER\myiic.c                          0x00000000   Number         0  myiic.o ABSOLUTE
    ..\USER\oled.c                           0x00000000   Number         0  oled.o ABSOLUTE
    ..\USER\stm32f10x_it.c                   0x00000000   Number         0  stm32f10x_it.o ABSOLUTE
    ..\USER\system_stm32f10x.c               0x00000000   Number         0  system_stm32f10x.o ABSOLUTE
    ..\\Libraries\\CMSIS\\CM3\\CoreSupport\\core_cm3.c 0x00000000   Number         0  core_cm3.o ABSOLUTE
    cdcmple.s                                0x00000000   Number         0  cdcmple.o ABSOLUTE
    cfcmple.s                                0x00000000   Number         0  cfcmple.o ABSOLUTE
    dc.s                                     0x00000000   Number         0  dc.o ABSOLUTE
    handlers.s                               0x00000000   Number         0  handlers.o ABSOLUTE
    init.s                                   0x00000000   Number         0  init.o ABSOLUTE
    RESET                                    0x08000000   Section      236  startup_stm32f10x_md.o(RESET)
    .ARM.Collect$$$$00000000                 0x080000ec   Section        0  entry.o(.ARM.Collect$$$$00000000)
    .ARM.Collect$$$$00000001                 0x080000ec   Section        4  entry2.o(.ARM.Collect$$$$00000001)
    .ARM.Collect$$$$00000004                 0x080000f0   Section        4  entry5.o(.ARM.Collect$$$$00000004)
    .ARM.Collect$$$$00000008                 0x080000f4   Section        0  entry7b.o(.ARM.Collect$$$$00000008)
    .ARM.Collect$$$$0000000A                 0x080000f4   Section        0  entry8b.o(.ARM.Collect$$$$0000000A)
    .ARM.Collect$$$$0000000B                 0x080000f4   Section        8  entry9a.o(.ARM.Collect$$$$0000000B)
    .ARM.Collect$$$$0000000D                 0x080000fc   Section        0  entry10a.o(.ARM.Collect$$$$0000000D)
    .ARM.Collect$$$$0000000F                 0x080000fc   Section        0  entry11a.o(.ARM.Collect$$$$0000000F)
    .ARM.Collect$$$$00002712                 0x080000fc   Section        4  entry2.o(.ARM.Collect$$$$00002712)
    __lit__00000000                          0x080000fc   Data           4  entry2.o(.ARM.Collect$$$$00002712)
    .text                                    0x08000100   Section       36  startup_stm32f10x_md.o(.text)
    .text                                    0x08000124   Section        0  rand.o(.text)
    .text                                    0x08000148   Section        0  strcat.o(.text)
    .text                                    0x08000160   Section        0  strncpy.o(.text)
    .text                                    0x08000178   Section        0  strlen.o(.text)
    .text                                    0x08000186   Section        0  fadd.o(.text)
    .text                                    0x08000236   Section        0  fmul.o(.text)
    .text                                    0x0800029a   Section        0  fdiv.o(.text)
    .text                                    0x08000316   Section        0  dadd.o(.text)
    .text                                    0x08000464   Section        0  dmul.o(.text)
    .text                                    0x08000548   Section        0  ddiv.o(.text)
    .text                                    0x08000626   Section        0  fflti.o(.text)
    .text                                    0x08000638   Section        0  dflti.o(.text)
    .text                                    0x0800065a   Section        0  ffixi.o(.text)
    .text                                    0x0800068c   Section        0  dfixi.o(.text)
    .text                                    0x080006ca   Section        0  f2d.o(.text)
    .text                                    0x080006f0   Section       48  cdcmple.o(.text)
    .text                                    0x08000720   Section        0  d2f.o(.text)
    .text                                    0x08000758   Section       20  cfcmple.o(.text)
    .text                                    0x0800076c   Section        0  llshl.o(.text)
    .text                                    0x0800078a   Section        0  llushr.o(.text)
    .text                                    0x080007aa   Section        0  llsshr.o(.text)
    .text                                    0x080007ce   Section        0  iusefp.o(.text)
    .text                                    0x080007ce   Section        0  fepilogue.o(.text)
    .text                                    0x0800083c   Section        0  depilogue.o(.text)
    .text                                    0x080008f8   Section       36  init.o(.text)
    i.ADC_Cmd                                0x0800091c   Section        0  stm32f10x_adc.o(i.ADC_Cmd)
    i.ADC_DeInit                             0x08000934   Section        0  stm32f10x_adc.o(i.ADC_DeInit)
    i.ADC_GetCalibrationStatus               0x08000990   Section        0  stm32f10x_adc.o(i.ADC_GetCalibrationStatus)
    i.ADC_GetConversionValue                 0x080009a4   Section        0  stm32f10x_adc.o(i.ADC_GetConversionValue)
    i.ADC_GetFlagStatus                      0x080009ac   Section        0  stm32f10x_adc.o(i.ADC_GetFlagStatus)
    i.ADC_GetResetCalibrationStatus          0x080009be   Section        0  stm32f10x_adc.o(i.ADC_GetResetCalibrationStatus)
    i.ADC_Init                               0x080009d4   Section        0  stm32f10x_adc.o(i.ADC_Init)
    i.ADC_RegularChannelConfig               0x08000a24   Section        0  stm32f10x_adc.o(i.ADC_RegularChannelConfig)
    i.ADC_ResetCalibration                   0x08000adc   Section        0  stm32f10x_adc.o(i.ADC_ResetCalibration)
    i.ADC_SoftwareStartConvCmd               0x08000ae6   Section        0  stm32f10x_adc.o(i.ADC_SoftwareStartConvCmd)
    i.ADC_StartCalibration                   0x08000afc   Section        0  stm32f10x_adc.o(i.ADC_StartCalibration)
    i.Adc_Multi_Init                         0x08000b08   Section        0  main.o(i.Adc_Multi_Init)
    i.BusFault_Handler                       0x08000ba0   Section        0  stm32f10x_it.o(i.BusFault_Handler)
    i.DS3231_Operate_Register                0x08000ba4   Section        0  ds3231.o(i.DS3231_Operate_Register)
    i.DS3231_ReadWrite_Time                  0x08000c2c   Section        0  ds3231.o(i.DS3231_ReadWrite_Time)
    i.DS3231_Time_Init                       0x08000cd8   Section        0  ds3231.o(i.DS3231_Time_Init)
    i.DS3231_Write_Byte                      0x08000d1c   Section        0  ds3231.o(i.DS3231_Write_Byte)
    i.DebugMon_Handler                       0x08000d40   Section        0  stm32f10x_it.o(i.DebugMon_Handler)
    i.Delay                                  0x08000d42   Section        0  hv57708.o(i.Delay)
    i.Draw_BMP                               0x08000d58   Section        0  oled.o(i.Draw_BMP)
    i.GPIO_Init                              0x08000d8c   Section        0  stm32f10x_gpio.o(i.GPIO_Init)
    i.GPIO_PinRemapConfig                    0x08000ea4   Section        0  stm32f10x_gpio.o(i.GPIO_PinRemapConfig)
    i.GPIO_ReadInputDataBit                  0x08000f34   Section        0  stm32f10x_gpio.o(i.GPIO_ReadInputDataBit)
    i.GPIO_ResetBits                         0x08000f46   Section        0  stm32f10x_gpio.o(i.GPIO_ResetBits)
    i.GPIO_SetBits                           0x08000f4a   Section        0  stm32f10x_gpio.o(i.GPIO_SetBits)
    i.GPS_RMC_Parse                          0x08000f50   Section        0  gps.o(i.GPS_RMC_Parse)
    i.GetComma                               0x080013b4   Section        0  gps.o(i.GetComma)
    GetComma                                 0x080013b5   Thumb Code    56  gps.o(i.GetComma)
    i.Get_Adc                                0x080013ec   Section        0  main.o(i.Get_Adc)
    i.Get_Double_Number                      0x08001430   Section        0  gps.o(i.Get_Double_Number)
    Get_Double_Number                        0x08001431   Thumb Code    52  gps.o(i.Get_Double_Number)
    i.Get_Float_Number                       0x08001464   Section        0  gps.o(i.Get_Float_Number)
    Get_Float_Number                         0x08001465   Thumb Code    46  gps.o(i.Get_Float_Number)
    i.HV57708_Init                           0x08001494   Section        0  hv57708.o(i.HV57708_Init)
    i.HV57708_OutputData                     0x080015e0   Section        0  hv57708.o(i.HV57708_OutputData)
    i.HV57708_SendData                       0x08001608   Section        0  hv57708.o(i.HV57708_SendData)
    i.HardFault_Handler                      0x08001768   Section        0  stm32f10x_it.o(i.HardFault_Handler)
    i.IIC_Ack                                0x0800176c   Section        0  myiic.o(i.IIC_Ack)
    i.IIC_GPIO_Config                        0x080017b0   Section        0  myiic.o(i.IIC_GPIO_Config)
    i.IIC_Read_Byte                          0x080017f0   Section        0  myiic.o(i.IIC_Read_Byte)
    i.IIC_SDA_IN                             0x08001850   Section        0  myiic.o(i.IIC_SDA_IN)
    i.IIC_SDA_OUT                            0x08001874   Section        0  myiic.o(i.IIC_SDA_OUT)
    i.IIC_Start                              0x080018a0   Section        0  myiic.o(i.IIC_Start)
    i.IIC_Stop                               0x080018e4   Section        0  myiic.o(i.IIC_Stop)
    i.IIC_Write_Byte                         0x0800191c   Section        0  myiic.o(i.IIC_Write_Byte)
    i.Int_To_Str                             0x080019a4   Section        0  gps.o(i.Int_To_Str)
    i.MemManage_Handler                      0x080019fc   Section        0  stm32f10x_it.o(i.MemManage_Handler)
    i.NMI_Handler                            0x08001a00   Section        0  stm32f10x_it.o(i.NMI_Handler)
    i.NVIC_Configuration1                    0x08001a02   Section        0  main.o(i.NVIC_Configuration1)
    i.NVIC_Init                              0x08001a30   Section        0  misc.o(i.NVIC_Init)
    i.NVIC_PriorityGroupConfig               0x08001aa0   Section        0  misc.o(i.NVIC_PriorityGroupConfig)
    i.NVIC_SetVectorTable                    0x08001ab4   Section        0  misc.o(i.NVIC_SetVectorTable)
    i.Neon_Flip                              0x08001ac8   Section        0  main.o(i.Neon_Flip)
    i.Neon_Gpio_Init                         0x08001b2c   Section        0  main.o(i.Neon_Gpio_Init)
    i.Neon_Init                              0x08001b58   Section        0  main.o(i.Neon_Init)
    i.OLED_DLY_ms                            0x08001b8c   Section        0  oled.o(i.OLED_DLY_ms)
    i.OLED_Fill                              0x08001ba4   Section        0  oled.o(i.OLED_Fill)
    i.OLED_Init                              0x08001bdc   Section        0  oled.o(i.OLED_Init)
    i.OLED_P6x8Str                           0x08001cb8   Section        0  oled.o(i.OLED_P6x8Str)
    i.OLED_Set_Pos                           0x08001d20   Section        0  oled.o(i.OLED_Set_Pos)
    i.OLED_WrCmd                             0x08001d48   Section        0  oled.o(i.OLED_WrCmd)
    i.OLED_WrDat                             0x08001d9c   Section        0  oled.o(i.OLED_WrDat)
    i.OLED_gpio_init                         0x08001e2c   Section        0  oled.o(i.OLED_gpio_init)
    i.PendSV_Handler                         0x08001e9c   Section        0  stm32f10x_it.o(i.PendSV_Handler)
    i.RCC_APB2PeriphClockCmd                 0x08001ea0   Section        0  stm32f10x_rcc.o(i.RCC_APB2PeriphClockCmd)
    i.RCC_APB2PeriphResetCmd                 0x08001ec0   Section        0  stm32f10x_rcc.o(i.RCC_APB2PeriphResetCmd)
    i.RCC_GetClocksFreq                      0x08001ee0   Section        0  stm32f10x_rcc.o(i.RCC_GetClocksFreq)
    i.RGB_ALL_ON                             0x08001fb4   Section        0  main.o(i.RGB_ALL_ON)
    i.RGB_OFF                                0x08002014   Section        0  main.o(i.RGB_OFF)
    i.RGB_ON                                 0x08002074   Section        0  main.o(i.RGB_ON)
    i.RGB_gpio_init                          0x08002184   Section        0  main.o(i.RGB_gpio_init)
    i.SVC_Handler                            0x08002220   Section        0  stm32f10x_it.o(i.SVC_Handler)
    i.SetDisplay                             0x08002224   Section        0  hv57708.o(i.SetDisplay)
    i.SetSysClock                            0x080023bc   Section        0  system_stm32f10x.o(i.SetSysClock)
    SetSysClock                              0x080023bd   Thumb Code     8  system_stm32f10x.o(i.SetSysClock)
    i.SetSysClockTo72                        0x080023c4   Section        0  system_stm32f10x.o(i.SetSysClockTo72)
    SetSysClockTo72                          0x080023c5   Thumb Code   214  system_stm32f10x.o(i.SetSysClockTo72)
    i.Str_To_Double                          0x080024a4   Section        0  gps.o(i.Str_To_Double)
    Str_To_Double                            0x080024a5   Thumb Code   246  gps.o(i.Str_To_Double)
    i.Str_To_Float                           0x080025c4   Section        0  gps.o(i.Str_To_Float)
    Str_To_Float                             0x080025c5   Thumb Code   196  gps.o(i.Str_To_Float)
    i.SysTick_Handler                        0x080026a4   Section        0  stm32f10x_it.o(i.SysTick_Handler)
    i.SystemInit                             0x080026ac   Section        0  system_stm32f10x.o(i.SystemInit)
    i.Time_Handle                            0x0800270c   Section        0  ds3231.o(i.Time_Handle)
    i.TimingDelay_Decrement                  0x080027e4   Section        0  bsp_config.o(i.TimingDelay_Decrement)
    i.UART_PutChar                           0x080027fc   Section        0  stm32f10x_usart.o(i.UART_PutChar)
    i.UART_PutStr                            0x08002820   Section        0  stm32f10x_usart.o(i.UART_PutStr)
    i.USART1_Configuration                   0x0800283c   Section        0  main.o(i.USART1_Configuration)
    i.USART1_IRQHandler                      0x080028c8   Section        0  stm32f10x_it.o(i.USART1_IRQHandler)
    i.USART_ClearITPendingBit                0x080029b8   Section        0  stm32f10x_usart.o(i.USART_ClearITPendingBit)
    i.USART_Cmd                              0x080029d6   Section        0  stm32f10x_usart.o(i.USART_Cmd)
    i.USART_GetFlagStatus                    0x080029ee   Section        0  stm32f10x_usart.o(i.USART_GetFlagStatus)
    i.USART_GetITStatus                      0x08002a08   Section        0  stm32f10x_usart.o(i.USART_GetITStatus)
    i.USART_ITConfig                         0x08002a5c   Section        0  stm32f10x_usart.o(i.USART_ITConfig)
    i.USART_Init                             0x08002aa8   Section        0  stm32f10x_usart.o(i.USART_Init)
    i.USART_ReceiveData                      0x08002b80   Section        0  stm32f10x_usart.o(i.USART_ReceiveData)
    i.USART_SendData                         0x08002b8a   Section        0  stm32f10x_usart.o(i.USART_SendData)
    i.UTC2BTC                                0x08002b92   Section        0  gps.o(i.UTC2BTC)
    UTC2BTC                                  0x08002b93   Thumb Code   208  gps.o(i.UTC2BTC)
    i.UsageFault_Handler                     0x08002c62   Section        0  stm32f10x_it.o(i.UsageFault_Handler)
    i.__scatterload_copy                     0x08002c66   Section       14  handlers.o(i.__scatterload_copy)
    i.__scatterload_null                     0x08002c74   Section        2  handlers.o(i.__scatterload_null)
    i.__scatterload_zeroinit                 0x08002c76   Section       14  handlers.o(i.__scatterload_zeroinit)
    i.convert                                0x08002c84   Section        0  main.o(i.convert)
    i.delay_us                               0x08002cb6   Section        0  myiic.o(i.delay_us)
    i.key_init                               0x08002cd4   Section        0  main.o(i.key_init)
    i.main                                   0x08002d44   Section        0  main.o(i.main)
    i.random                                 0x08003028   Section        0  main.o(i.random)
    .constdata                               0x08003050   Section     2848  oled.o(.constdata)
    .data                                    0x20000000   Section       93  main.o(.data)
    Neon_status                              0x20000044   Data           1  main.o(.data)
    second_previous                          0x2000004b   Data           1  main.o(.data)
    .data                                    0x20000060   Section       17  stm32f10x_it.o(.data)
    .data                                    0x20000072   Section       37  ds3231.o(.data)
    .data                                    0x20000097   Section        1  gps.o(.data)
    .data                                    0x20000098   Section        8  bsp_config.o(.data)
    TimingDelay                              0x2000009c   Data           4  bsp_config.o(.data)
    .data                                    0x200000a0   Section       20  stm32f10x_rcc.o(.data)
    APBAHBPrescTable                         0x200000a0   Data          16  stm32f10x_rcc.o(.data)
    ADCPrescTable                            0x200000b0   Data           4  stm32f10x_rcc.o(.data)
    .data                                    0x200000b4   Section        4  rand.o(.data)
    _rand_state                              0x200000b4   Data           4  rand.o(.data)
    .bss                                     0x200000b8   Section      368  stm32f10x_it.o(.bss)
    .bss                                     0x20000228   Section      260  gps.o(.bss)
    STACK                                    0x20000330   Section     1024  startup_stm32f10x_md.o(STACK)

    Global Symbols

    Symbol Name                              Value     Ov Type        Size  Object(Section)

    BuildAttributes$$THM_ISAv4$P$D$K$B$S$PE$A:L22UL41UL21$X:L11$S22US41US21$IEEE1$IW$USESV6$~STKCKD$USESV7$~SHL$OTIME$ROPI$EBA8$MICROLIB$REQ8$PRES8$EABIv2 0x00000000   Number         0  anon$$obj.o ABSOLUTE
    __ARM_use_no_argv                        0x00000000   Number         0  main.o ABSOLUTE
    __cpp_initialize__aeabi_                  - Undefined Weak Reference
    __cxa_finalize                            - Undefined Weak Reference
    __decompress                              - Undefined Weak Reference
    _clock_init                               - Undefined Weak Reference
    _microlib_exit                            - Undefined Weak Reference
    __Vectors_Size                           0x000000ec   Number         0  startup_stm32f10x_md.o ABSOLUTE
    __Vectors                                0x08000000   Data           4  startup_stm32f10x_md.o(RESET)
    __Vectors_End                            0x080000ec   Data           0  startup_stm32f10x_md.o(RESET)
    __main                                   0x080000ed   Thumb Code     0  entry.o(.ARM.Collect$$$$00000000)
    _main_stk                                0x080000ed   Thumb Code     0  entry2.o(.ARM.Collect$$$$00000001)
    _main_scatterload                        0x080000f1   Thumb Code     0  entry5.o(.ARM.Collect$$$$00000004)
    __main_after_scatterload                 0x080000f5   Thumb Code     0  entry5.o(.ARM.Collect$$$$00000004)
    _main_clock                              0x080000f5   Thumb Code     0  entry7b.o(.ARM.Collect$$$$00000008)
    _main_cpp_init                           0x080000f5   Thumb Code     0  entry8b.o(.ARM.Collect$$$$0000000A)
    _main_init                               0x080000f5   Thumb Code     0  entry9a.o(.ARM.Collect$$$$0000000B)
    __rt_final_cpp                           0x080000fd   Thumb Code     0  entry10a.o(.ARM.Collect$$$$0000000D)
    __rt_final_exit                          0x080000fd   Thumb Code     0  entry11a.o(.ARM.Collect$$$$0000000F)
    Reset_Handler                            0x08000101   Thumb Code     8  startup_stm32f10x_md.o(.text)
    ADC1_2_IRQHandler                        0x0800011b   Thumb Code     0  startup_stm32f10x_md.o(.text)
    CAN1_RX1_IRQHandler                      0x0800011b   Thumb Code     0  startup_stm32f10x_md.o(.text)
    CAN1_SCE_IRQHandler                      0x0800011b   Thumb Code     0  startup_stm32f10x_md.o(.text)
    DMA1_Channel1_IRQHandler                 0x0800011b   Thumb Code     0  startup_stm32f10x_md.o(.text)
    DMA1_Channel2_IRQHandler                 0x0800011b   Thumb Code     0  startup_stm32f10x_md.o(.text)
    DMA1_Channel3_IRQHandler                 0x0800011b   Thumb Code     0  startup_stm32f10x_md.o(.text)
    DMA1_Channel4_IRQHandler                 0x0800011b   Thumb Code     0  startup_stm32f10x_md.o(.text)
    DMA1_Channel5_IRQHandler                 0x0800011b   Thumb Code     0  startup_stm32f10x_md.o(.text)
    DMA1_Channel6_IRQHandler                 0x0800011b   Thumb Code     0  startup_stm32f10x_md.o(.text)
    DMA1_Channel7_IRQHandler                 0x0800011b   Thumb Code     0  startup_stm32f10x_md.o(.text)
    EXTI0_IRQHandler                         0x0800011b   Thumb Code     0  startup_stm32f10x_md.o(.text)
    EXTI15_10_IRQHandler                     0x0800011b   Thumb Code     0  startup_stm32f10x_md.o(.text)
    EXTI1_IRQHandler                         0x0800011b   Thumb Code     0  startup_stm32f10x_md.o(.text)
    EXTI2_IRQHandler                         0x0800011b   Thumb Code     0  startup_stm32f10x_md.o(.text)
    EXTI3_IRQHandler                         0x0800011b   Thumb Code     0  startup_stm32f10x_md.o(.text)
    EXTI4_IRQHandler                         0x0800011b   Thumb Code     0  startup_stm32f10x_md.o(.text)
    EXTI9_5_IRQHandler                       0x0800011b   Thumb Code     0  startup_stm32f10x_md.o(.text)
    FLASH_IRQHandler                         0x0800011b   Thumb Code     0  startup_stm32f10x_md.o(.text)
    I2C1_ER_IRQHandler                       0x0800011b   Thumb Code     0  startup_stm32f10x_md.o(.text)
    I2C1_EV_IRQHandler                       0x0800011b   Thumb Code     0  startup_stm32f10x_md.o(.text)
    I2C2_ER_IRQHandler                       0x0800011b   Thumb Code     0  startup_stm32f10x_md.o(.text)
    I2C2_EV_IRQHandler                       0x0800011b   Thumb Code     0  startup_stm32f10x_md.o(.text)
    PVD_IRQHandler                           0x0800011b   Thumb Code     0  startup_stm32f10x_md.o(.text)
    RCC_IRQHandler                           0x0800011b   Thumb Code     0  startup_stm32f10x_md.o(.text)
    RTCAlarm_IRQHandler                      0x0800011b   Thumb Code     0  startup_stm32f10x_md.o(.text)
    RTC_IRQHandler                           0x0800011b   Thumb Code     0  startup_stm32f10x_md.o(.text)
    SPI1_IRQHandler                          0x0800011b   Thumb Code     0  startup_stm32f10x_md.o(.text)
    SPI2_IRQHandler                          0x0800011b   Thumb Code     0  startup_stm32f10x_md.o(.text)
    TAMPER_IRQHandler                        0x0800011b   Thumb Code     0  startup_stm32f10x_md.o(.text)
    TIM1_BRK_IRQHandler                      0x0800011b   Thumb Code     0  startup_stm32f10x_md.o(.text)
    TIM1_CC_IRQHandler                       0x0800011b   Thumb Code     0  startup_stm32f10x_md.o(.text)
    TIM1_TRG_COM_IRQHandler                  0x0800011b   Thumb Code     0  startup_stm32f10x_md.o(.text)
    TIM1_UP_IRQHandler                       0x0800011b   Thumb Code     0  startup_stm32f10x_md.o(.text)
    TIM2_IRQHandler                          0x0800011b   Thumb Code     0  startup_stm32f10x_md.o(.text)
    TIM3_IRQHandler                          0x0800011b   Thumb Code     0  startup_stm32f10x_md.o(.text)
    TIM4_IRQHandler                          0x0800011b   Thumb Code     0  startup_stm32f10x_md.o(.text)
    USART2_IRQHandler                        0x0800011b   Thumb Code     0  startup_stm32f10x_md.o(.text)
    USART3_IRQHandler                        0x0800011b   Thumb Code     0  startup_stm32f10x_md.o(.text)
    USBWakeUp_IRQHandler                     0x0800011b   Thumb Code     0  startup_stm32f10x_md.o(.text)
    USB_HP_CAN1_TX_IRQHandler                0x0800011b   Thumb Code     0  startup_stm32f10x_md.o(.text)
    USB_LP_CAN1_RX0_IRQHandler               0x0800011b   Thumb Code     0  startup_stm32f10x_md.o(.text)
    WWDG_IRQHandler                          0x0800011b   Thumb Code     0  startup_stm32f10x_md.o(.text)
    rand                                     0x08000125   Thumb Code    20  rand.o(.text)
    srand                                    0x08000139   Thumb Code     6  rand.o(.text)
    strcat                                   0x08000149   Thumb Code    24  strcat.o(.text)
    strncpy                                  0x08000161   Thumb Code    24  strncpy.o(.text)
    strlen                                   0x08000179   Thumb Code    14  strlen.o(.text)
    __aeabi_fadd                             0x08000187   Thumb Code   164  fadd.o(.text)
    __aeabi_fsub                             0x0800022b   Thumb Code     6  fadd.o(.text)
    __aeabi_frsub                            0x08000231   Thumb Code     6  fadd.o(.text)
    __aeabi_fmul                             0x08000237   Thumb Code   100  fmul.o(.text)
    __aeabi_fdiv                             0x0800029b   Thumb Code   124  fdiv.o(.text)
    __aeabi_dadd                             0x08000317   Thumb Code   322  dadd.o(.text)
    __aeabi_dsub                             0x08000459   Thumb Code     6  dadd.o(.text)
    __aeabi_drsub                            0x0800045f   Thumb Code     6  dadd.o(.text)
    __aeabi_dmul                             0x08000465   Thumb Code   228  dmul.o(.text)
    __aeabi_ddiv                             0x08000549   Thumb Code   222  ddiv.o(.text)
    __aeabi_i2f                              0x08000627   Thumb Code    18  fflti.o(.text)
    __aeabi_i2d                              0x08000639   Thumb Code    34  dflti.o(.text)
    __aeabi_f2iz                             0x0800065b   Thumb Code    50  ffixi.o(.text)
    __aeabi_d2iz                             0x0800068d   Thumb Code    62  dfixi.o(.text)
    __aeabi_f2d                              0x080006cb   Thumb Code    38  f2d.o(.text)
    __aeabi_cdcmpeq                          0x080006f1   Thumb Code     0  cdcmple.o(.text)
    __aeabi_cdcmple                          0x080006f1   Thumb Code    48  cdcmple.o(.text)
    __aeabi_d2f                              0x08000721   Thumb Code    56  d2f.o(.text)
    __aeabi_cfcmpeq                          0x08000759   Thumb Code     0  cfcmple.o(.text)
    __aeabi_cfcmple                          0x08000759   Thumb Code    20  cfcmple.o(.text)
    __aeabi_llsl                             0x0800076d   Thumb Code    30  llshl.o(.text)
    _ll_shift_l                              0x0800076d   Thumb Code     0  llshl.o(.text)
    __aeabi_llsr                             0x0800078b   Thumb Code    32  llushr.o(.text)
    _ll_ushift_r                             0x0800078b   Thumb Code     0  llushr.o(.text)
    __aeabi_lasr                             0x080007ab   Thumb Code    36  llsshr.o(.text)
    _ll_sshift_r                             0x080007ab   Thumb Code     0  llsshr.o(.text)
    __I$use$fp                               0x080007cf   Thumb Code     0  iusefp.o(.text)
    _float_round                             0x080007cf   Thumb Code    18  fepilogue.o(.text)
    _float_epilogue                          0x080007e1   Thumb Code    92  fepilogue.o(.text)
    _double_round                            0x0800083d   Thumb Code    30  depilogue.o(.text)
    _double_epilogue                         0x0800085b   Thumb Code   156  depilogue.o(.text)
    __scatterload                            0x080008f9   Thumb Code    28  init.o(.text)
    __scatterload_rt2                        0x080008f9   Thumb Code     0  init.o(.text)
    ADC_Cmd                                  0x0800091d   Thumb Code    22  stm32f10x_adc.o(i.ADC_Cmd)
    ADC_DeInit                               0x08000935   Thumb Code    78  stm32f10x_adc.o(i.ADC_DeInit)
    ADC_GetCalibrationStatus                 0x08000991   Thumb Code    20  stm32f10x_adc.o(i.ADC_GetCalibrationStatus)
    ADC_GetConversionValue                   0x080009a5   Thumb Code     8  stm32f10x_adc.o(i.ADC_GetConversionValue)
    ADC_GetFlagStatus                        0x080009ad   Thumb Code    18  stm32f10x_adc.o(i.ADC_GetFlagStatus)
    ADC_GetResetCalibrationStatus            0x080009bf   Thumb Code    20  stm32f10x_adc.o(i.ADC_GetResetCalibrationStatus)
    ADC_Init                                 0x080009d5   Thumb Code    70  stm32f10x_adc.o(i.ADC_Init)
    ADC_RegularChannelConfig                 0x08000a25   Thumb Code   184  stm32f10x_adc.o(i.ADC_RegularChannelConfig)
    ADC_ResetCalibration                     0x08000add   Thumb Code    10  stm32f10x_adc.o(i.ADC_ResetCalibration)
    ADC_SoftwareStartConvCmd                 0x08000ae7   Thumb Code    22  stm32f10x_adc.o(i.ADC_SoftwareStartConvCmd)
    ADC_StartCalibration                     0x08000afd   Thumb Code    10  stm32f10x_adc.o(i.ADC_StartCalibration)
    Adc_Multi_Init                           0x08000b09   Thumb Code   144  main.o(i.Adc_Multi_Init)
    BusFault_Handler                         0x08000ba1   Thumb Code     4  stm32f10x_it.o(i.BusFault_Handler)
    DS3231_Operate_Register                  0x08000ba5   Thumb Code   134  ds3231.o(i.DS3231_Operate_Register)
    DS3231_ReadWrite_Time                    0x08000c2d   Thumb Code   166  ds3231.o(i.DS3231_ReadWrite_Time)
    DS3231_Time_Init                         0x08000cd9   Thumb Code    62  ds3231.o(i.DS3231_Time_Init)
    DS3231_Write_Byte                        0x08000d1d   Thumb Code    36  ds3231.o(i.DS3231_Write_Byte)
    DebugMon_Handler                         0x08000d41   Thumb Code     2  stm32f10x_it.o(i.DebugMon_Handler)
    Delay                                    0x08000d43   Thumb Code    22  hv57708.o(i.Delay)
    Draw_BMP                                 0x08000d59   Thumb Code    48  oled.o(i.Draw_BMP)
    GPIO_Init                                0x08000d8d   Thumb Code   278  stm32f10x_gpio.o(i.GPIO_Init)
    GPIO_PinRemapConfig                      0x08000ea5   Thumb Code   138  stm32f10x_gpio.o(i.GPIO_PinRemapConfig)
    GPIO_ReadInputDataBit                    0x08000f35   Thumb Code    18  stm32f10x_gpio.o(i.GPIO_ReadInputDataBit)
    GPIO_ResetBits                           0x08000f47   Thumb Code     4  stm32f10x_gpio.o(i.GPIO_ResetBits)
    GPIO_SetBits                             0x08000f4b   Thumb Code     4  stm32f10x_gpio.o(i.GPIO_SetBits)
    GPS_RMC_Parse                            0x08000f51   Thumb Code  1124  gps.o(i.GPS_RMC_Parse)
    Get_Adc                                  0x080013ed   Thumb Code    62  main.o(i.Get_Adc)
    HV57708_Init                             0x08001495   Thumb Code   312  hv57708.o(i.HV57708_Init)
    HV57708_OutputData                       0x080015e1   Thumb Code    36  hv57708.o(i.HV57708_OutputData)
    HV57708_SendData                         0x08001609   Thumb Code   338  hv57708.o(i.HV57708_SendData)
    HardFault_Handler                        0x08001769   Thumb Code     4  stm32f10x_it.o(i.HardFault_Handler)
    IIC_Ack                                  0x0800176d   Thumb Code    64  myiic.o(i.IIC_Ack)
    IIC_GPIO_Config                          0x080017b1   Thumb Code    54  myiic.o(i.IIC_GPIO_Config)
    IIC_Read_Byte                            0x080017f1   Thumb Code    92  myiic.o(i.IIC_Read_Byte)
    IIC_SDA_IN                               0x08001851   Thumb Code    32  myiic.o(i.IIC_SDA_IN)
    IIC_SDA_OUT                              0x08001875   Thumb Code    38  myiic.o(i.IIC_SDA_OUT)
    IIC_Start                                0x080018a1   Thumb Code    64  myiic.o(i.IIC_Start)
    IIC_Stop                                 0x080018e5   Thumb Code    50  myiic.o(i.IIC_Stop)
    IIC_Write_Byte                           0x0800191d   Thumb Code   132  myiic.o(i.IIC_Write_Byte)
    Int_To_Str                               0x080019a5   Thumb Code    88  gps.o(i.Int_To_Str)
    MemManage_Handler                        0x080019fd   Thumb Code     4  stm32f10x_it.o(i.MemManage_Handler)
    NMI_Handler                              0x08001a01   Thumb Code     2  stm32f10x_it.o(i.NMI_Handler)
    NVIC_Configuration1                      0x08001a03   Thumb Code    46  main.o(i.NVIC_Configuration1)
    NVIC_Init                                0x08001a31   Thumb Code   100  misc.o(i.NVIC_Init)
    NVIC_PriorityGroupConfig                 0x08001aa1   Thumb Code    10  misc.o(i.NVIC_PriorityGroupConfig)
    NVIC_SetVectorTable                      0x08001ab5   Thumb Code    12  misc.o(i.NVIC_SetVectorTable)
    Neon_Flip                                0x08001ac9   Thumb Code    90  main.o(i.Neon_Flip)
    Neon_Gpio_Init                           0x08001b2d   Thumb Code    38  main.o(i.Neon_Gpio_Init)
    Neon_Init                                0x08001b59   Thumb Code    42  main.o(i.Neon_Init)
    OLED_DLY_ms                              0x08001b8d   Thumb Code    24  oled.o(i.OLED_DLY_ms)
    OLED_Fill                                0x08001ba5   Thumb Code    54  oled.o(i.OLED_Fill)
    OLED_Init                                0x08001bdd   Thumb Code   216  oled.o(i.OLED_Init)
    OLED_P6x8Str                             0x08001cb9   Thumb Code   100  oled.o(i.OLED_P6x8Str)
    OLED_Set_Pos                             0x08001d21   Thumb Code    40  oled.o(i.OLED_Set_Pos)
    OLED_WrCmd                               0x08001d49   Thumb Code    76  oled.o(i.OLED_WrCmd)
    OLED_WrDat                               0x08001d9d   Thumb Code   134  oled.o(i.OLED_WrDat)
    OLED_gpio_init                           0x08001e2d   Thumb Code    98  oled.o(i.OLED_gpio_init)
    PendSV_Handler                           0x08001e9d   Thumb Code     2  stm32f10x_it.o(i.PendSV_Handler)
    RCC_APB2PeriphClockCmd                   0x08001ea1   Thumb Code    26  stm32f10x_rcc.o(i.RCC_APB2PeriphClockCmd)
    RCC_APB2PeriphResetCmd                   0x08001ec1   Thumb Code    26  stm32f10x_rcc.o(i.RCC_APB2PeriphResetCmd)
    RCC_GetClocksFreq                        0x08001ee1   Thumb Code   192  stm32f10x_rcc.o(i.RCC_GetClocksFreq)
    RGB_ALL_ON                               0x08001fb5   Thumb Code    84  main.o(i.RGB_ALL_ON)
    RGB_OFF                                  0x08002015   Thumb Code    84  main.o(i.RGB_OFF)
    RGB_ON                                   0x08002075   Thumb Code   236  main.o(i.RGB_ON)
    RGB_gpio_init                            0x08002185   Thumb Code   140  main.o(i.RGB_gpio_init)
    SVC_Handler                              0x08002221   Thumb Code     2  stm32f10x_it.o(i.SVC_Handler)
    SetDisplay                               0x08002225   Thumb Code   396  hv57708.o(i.SetDisplay)
    SysTick_Handler                          0x080026a5   Thumb Code     8  stm32f10x_it.o(i.SysTick_Handler)
    SystemInit                               0x080026ad   Thumb Code    78  system_stm32f10x.o(i.SystemInit)
    Time_Handle                              0x0800270d   Thumb Code   204  ds3231.o(i.Time_Handle)
    TimingDelay_Decrement                    0x080027e5   Thumb Code    18  bsp_config.o(i.TimingDelay_Decrement)
    UART_PutChar                             0x080027fd   Thumb Code    30  stm32f10x_usart.o(i.UART_PutChar)
    UART_PutStr                              0x08002821   Thumb Code    26  stm32f10x_usart.o(i.UART_PutStr)
    USART1_Configuration                     0x0800283d   Thumb Code   132  main.o(i.USART1_Configuration)
    USART1_IRQHandler                        0x080028c9   Thumb Code   206  stm32f10x_it.o(i.USART1_IRQHandler)
    USART_ClearITPendingBit                  0x080029b9   Thumb Code    30  stm32f10x_usart.o(i.USART_ClearITPendingBit)
    USART_Cmd                                0x080029d7   Thumb Code    24  stm32f10x_usart.o(i.USART_Cmd)
    USART_GetFlagStatus                      0x080029ef   Thumb Code    26  stm32f10x_usart.o(i.USART_GetFlagStatus)
    USART_GetITStatus                        0x08002a09   Thumb Code    84  stm32f10x_usart.o(i.USART_GetITStatus)
    USART_ITConfig                           0x08002a5d   Thumb Code    74  stm32f10x_usart.o(i.USART_ITConfig)
    USART_Init                               0x08002aa9   Thumb Code   210  stm32f10x_usart.o(i.USART_Init)
    USART_ReceiveData                        0x08002b81   Thumb Code    10  stm32f10x_usart.o(i.USART_ReceiveData)
    USART_SendData                           0x08002b8b   Thumb Code     8  stm32f10x_usart.o(i.USART_SendData)
    UsageFault_Handler                       0x08002c63   Thumb Code     4  stm32f10x_it.o(i.UsageFault_Handler)
    __scatterload_copy                       0x08002c67   Thumb Code    14  handlers.o(i.__scatterload_copy)
    __scatterload_null                       0x08002c75   Thumb Code     2  handlers.o(i.__scatterload_null)
    __scatterload_zeroinit                   0x08002c77   Thumb Code    14  handlers.o(i.__scatterload_zeroinit)
    convert                                  0x08002c85   Thumb Code    50  main.o(i.convert)
    delay_us                                 0x08002cb7   Thumb Code    30  myiic.o(i.delay_us)
    key_init                                 0x08002cd5   Thumb Code   100  main.o(i.key_init)
    main                                     0x08002d45   Thumb Code   670  main.o(i.main)
    random                                   0x08003029   Thumb Code    38  main.o(i.random)
    F6x8                                     0x08003050   Data        2208  oled.o(.constdata)
    bmp                                      0x080038f0   Data         640  oled.o(.constdata)
    Region$$Table$$Base                      0x08003b70   Number         0  anon$$obj.o(Region$$Table)
    Region$$Table$$Limit                     0x08003b90   Number         0  anon$$obj.o(Region$$Table)
    protect                                  0x20000000   Data           4  main.o(.data)
    protect_time                             0x20000004   Data           4  main.o(.data)
    protect_i                                0x20000008   Data           4  main.o(.data)
    protect_flag                             0x2000000c   Data           4  main.o(.data)
    protect_1                                0x20000010   Data           4  main.o(.data)
    protect_2                                0x20000014   Data           4  main.o(.data)
    protect_3                                0x20000018   Data           4  main.o(.data)
    sec                                      0x2000001c   Data           4  main.o(.data)
    min                                      0x20000020   Data           4  main.o(.data)
    hour                                     0x20000024   Data           4  main.o(.data)
    date                                     0x20000028   Data           4  main.o(.data)
    month                                    0x2000002c   Data           4  main.o(.data)
    R                                        0x20000030   Data           4  main.o(.data)
    G                                        0x20000034   Data           4  main.o(.data)
    B                                        0x20000038   Data           4  main.o(.data)
    timmer                                   0x2000003c   Data           4  main.o(.data)
    RGB_turn                                 0x20000040   Data           4  main.o(.data)
    dis_data                                 0x20000045   Data           6  main.o(.data)
    voltage                                  0x2000004c   Data           4  main.o(.data)
    last_voltage                             0x20000050   Data           4  main.o(.data)
    pre_voltage                              0x20000054   Data           4  main.o(.data)
    vol_buf                                  0x20000058   Data           4  main.o(.data)
    voice                                    0x2000005c   Data           1  main.o(.data)
    rev_start                                0x20000060   Data           1  stm32f10x_it.o(.data)
    rev_stop                                 0x20000061   Data           1  stm32f10x_it.o(.data)
    gps_flag                                 0x20000062   Data           1  stm32f10x_it.o(.data)
    change_page                              0x20000063   Data           1  stm32f10x_it.o(.data)
    num                                      0x20000064   Data           1  stm32f10x_it.o(.data)
    numtx                                    0x20000068   Data           4  stm32f10x_it.o(.data)
    test                                     0x2000006c   Data           4  stm32f10x_it.o(.data)
    error_num                                0x20000070   Data           1  stm32f10x_it.o(.data)
    Display_Time                             0x20000072   Data           8  ds3231.o(.data)
    Display_Date                             0x2000007a   Data          13  ds3231.o(.data)
    TimeValue                                0x20000088   Data           8  ds3231.o(.data)
    Time_Buffer                              0x20000090   Data           7  ds3231.o(.data)
    dot1                                     0x20000097   Data           1  gps.o(.data)
    CCR1_Val                                 0x20000098   Data           2  bsp_config.o(.data)
    CCR2_Val                                 0x2000009a   Data           2  bsp_config.o(.data)
    rev_buf                                  0x200000b8   Data          80  stm32f10x_it.o(.bss)
    GPS                                      0x20000108   Data          88  stm32f10x_it.o(.bss)
    txd_buf                                  0x20000160   Data         200  stm32f10x_it.o(.bss)
    str1                                     0x20000228   Data          20  gps.o(.bss)
    year1                                    0x2000023c   Data          20  gps.o(.bss)
    month1                                   0x20000250   Data          20  gps.o(.bss)
    day1                                     0x20000264   Data          20  gps.o(.bss)
    hour1                                    0x20000278   Data          20  gps.o(.bss)
    min1                                     0x2000028c   Data          20  gps.o(.bss)
    sec1                                     0x200002a0   Data          20  gps.o(.bss)
    lat                                      0x200002b4   Data          20  gps.o(.bss)
    lon                                      0x200002c8   Data          20  gps.o(.bss)
    lat1                                     0x200002dc   Data          20  gps.o(.bss)
    lon1                                     0x200002f0   Data          20  gps.o(.bss)
    sea1                                     0x20000304   Data          20  gps.o(.bss)
    sea2                                     0x20000318   Data          20  gps.o(.bss)
    __initial_sp                             0x20000730   Data           0  startup_stm32f10x_md.o(STACK)



==============================================================================

Memory Map of the image

  Image Entry point : 0x080000ed

  Load Region LR_IROM1 (Base: 0x08000000, Size: 0x00003c48, Max: 0x00020000, ABSOLUTE)

    Execution Region ER_IROM1 (Base: 0x08000000, Size: 0x00003b90, Max: 0x00020000, ABSOLUTE)

    Base Addr    Size         Type   Attr      Idx    E Section Name        Object

    0x08000000   0x000000ec   Data   RO         3766    RESET               startup_stm32f10x_md.o
    0x080000ec   0x00000000   Code   RO         3771  * .ARM.Collect$$$$00000000  mc_w.l(entry.o)
    0x080000ec   0x00000004   Code   RO         3815    .ARM.Collect$$$$00000001  mc_w.l(entry2.o)
    0x080000f0   0x00000004   Code   RO         3818    .ARM.Collect$$$$00000004  mc_w.l(entry5.o)
    0x080000f4   0x00000000   Code   RO         3820    .ARM.Collect$$$$00000008  mc_w.l(entry7b.o)
    0x080000f4   0x00000000   Code   RO         3822    .ARM.Collect$$$$0000000A  mc_w.l(entry8b.o)
    0x080000f4   0x00000008   Code   RO         3823    .ARM.Collect$$$$0000000B  mc_w.l(entry9a.o)
    0x080000fc   0x00000000   Code   RO         3825    .ARM.Collect$$$$0000000D  mc_w.l(entry10a.o)
    0x080000fc   0x00000000   Code   RO         3827    .ARM.Collect$$$$0000000F  mc_w.l(entry11a.o)
    0x080000fc   0x00000004   Code   RO         3816    .ARM.Collect$$$$00002712  mc_w.l(entry2.o)
    0x08000100   0x00000024   Code   RO         3767    .text               startup_stm32f10x_md.o
    0x08000124   0x00000024   Code   RO         3774    .text               mc_w.l(rand.o)
    0x08000148   0x00000018   Code   RO         3777    .text               mc_w.l(strcat.o)
    0x08000160   0x00000018   Code   RO         3779    .text               mc_w.l(strncpy.o)
    0x08000178   0x0000000e   Code   RO         3781    .text               mc_w.l(strlen.o)
    0x08000186   0x000000b0   Code   RO         3783    .text               mf_w.l(fadd.o)
    0x08000236   0x00000064   Code   RO         3785    .text               mf_w.l(fmul.o)
    0x0800029a   0x0000007c   Code   RO         3787    .text               mf_w.l(fdiv.o)
    0x08000316   0x0000014e   Code   RO         3789    .text               mf_w.l(dadd.o)
    0x08000464   0x000000e4   Code   RO         3791    .text               mf_w.l(dmul.o)
    0x08000548   0x000000de   Code   RO         3793    .text               mf_w.l(ddiv.o)
    0x08000626   0x00000012   Code   RO         3795    .text               mf_w.l(fflti.o)
    0x08000638   0x00000022   Code   RO         3799    .text               mf_w.l(dflti.o)
    0x0800065a   0x00000032   Code   RO         3801    .text               mf_w.l(ffixi.o)
    0x0800068c   0x0000003e   Code   RO         3805    .text               mf_w.l(dfixi.o)
    0x080006ca   0x00000026   Code   RO         3807    .text               mf_w.l(f2d.o)
    0x080006f0   0x00000030   Code   RO         3809    .text               mf_w.l(cdcmple.o)
    0x08000720   0x00000038   Code   RO         3811    .text               mf_w.l(d2f.o)
    0x08000758   0x00000014   Code   RO         3813    .text               mf_w.l(cfcmple.o)
    0x0800076c   0x0000001e   Code   RO         3829    .text               mc_w.l(llshl.o)
    0x0800078a   0x00000020   Code   RO         3831    .text               mc_w.l(llushr.o)
    0x080007aa   0x00000024   Code   RO         3833    .text               mc_w.l(llsshr.o)
    0x080007ce   0x00000000   Code   RO         3835    .text               mc_w.l(iusefp.o)
    0x080007ce   0x0000006e   Code   RO         3836    .text               mf_w.l(fepilogue.o)
    0x0800083c   0x000000ba   Code   RO         3838    .text               mf_w.l(depilogue.o)
    0x080008f6   0x00000002   PAD
    0x080008f8   0x00000024   Code   RO         3840    .text               mc_w.l(init.o)
    0x0800091c   0x00000016   Code   RO         1264    i.ADC_Cmd           stm32f10x_adc.o
    0x08000932   0x00000002   PAD
    0x08000934   0x0000005c   Code   RO         1266    i.ADC_DeInit        stm32f10x_adc.o
    0x08000990   0x00000014   Code   RO         1272    i.ADC_GetCalibrationStatus  stm32f10x_adc.o
    0x080009a4   0x00000008   Code   RO         1273    i.ADC_GetConversionValue  stm32f10x_adc.o
    0x080009ac   0x00000012   Code   RO         1275    i.ADC_GetFlagStatus  stm32f10x_adc.o
    0x080009be   0x00000014   Code   RO         1278    i.ADC_GetResetCalibrationStatus  stm32f10x_adc.o
    0x080009d2   0x00000002   PAD
    0x080009d4   0x00000050   Code   RO         1282    i.ADC_Init          stm32f10x_adc.o
    0x08000a24   0x000000b8   Code   RO         1286    i.ADC_RegularChannelConfig  stm32f10x_adc.o
    0x08000adc   0x0000000a   Code   RO         1287    i.ADC_ResetCalibration  stm32f10x_adc.o
    0x08000ae6   0x00000016   Code   RO         1289    i.ADC_SoftwareStartConvCmd  stm32f10x_adc.o
    0x08000afc   0x0000000a   Code   RO         1291    i.ADC_StartCalibration  stm32f10x_adc.o
    0x08000b06   0x00000002   PAD
    0x08000b08   0x00000098   Code   RO            1    i.Adc_Multi_Init    main.o
    0x08000ba0   0x00000004   Code   RO          214    i.BusFault_Handler  stm32f10x_it.o
    0x08000ba4   0x00000086   Code   RO          391    i.DS3231_Operate_Register  ds3231.o
    0x08000c2a   0x00000002   PAD
    0x08000c2c   0x000000ac   Code   RO          392    i.DS3231_ReadWrite_Time  ds3231.o
    0x08000cd8   0x00000044   Code   RO          395    i.DS3231_Time_Init  ds3231.o
    0x08000d1c   0x00000024   Code   RO          396    i.DS3231_Write_Byte  ds3231.o
    0x08000d40   0x00000002   Code   RO          215    i.DebugMon_Handler  stm32f10x_it.o
    0x08000d42   0x00000016   Code   RO          294    i.Delay             hv57708.o
    0x08000d58   0x00000034   Code   RO          450    i.Draw_BMP          oled.o
    0x08000d8c   0x00000116   Code   RO          950    i.GPIO_Init         stm32f10x_gpio.o
    0x08000ea2   0x00000002   PAD
    0x08000ea4   0x00000090   Code   RO          952    i.GPIO_PinRemapConfig  stm32f10x_gpio.o
    0x08000f34   0x00000012   Code   RO          954    i.GPIO_ReadInputDataBit  stm32f10x_gpio.o
    0x08000f46   0x00000004   Code   RO          957    i.GPIO_ResetBits    stm32f10x_gpio.o
    0x08000f4a   0x00000004   Code   RO          958    i.GPIO_SetBits      stm32f10x_gpio.o
    0x08000f4e   0x00000002   PAD
    0x08000f50   0x00000464   Code   RO          564    i.GPS_RMC_Parse     gps.o
    0x080013b4   0x00000038   Code   RO          565    i.GetComma          gps.o
    0x080013ec   0x00000044   Code   RO            2    i.Get_Adc           main.o
    0x08001430   0x00000034   Code   RO          566    i.Get_Double_Number  gps.o
    0x08001464   0x0000002e   Code   RO          567    i.Get_Float_Number  gps.o
    0x08001492   0x00000002   PAD
    0x08001494   0x0000014c   Code   RO          295    i.HV57708_Init      hv57708.o
    0x080015e0   0x00000028   Code   RO          296    i.HV57708_OutputData  hv57708.o
    0x08001608   0x00000160   Code   RO          297    i.HV57708_SendData  hv57708.o
    0x08001768   0x00000004   Code   RO          216    i.HardFault_Handler  stm32f10x_it.o
    0x0800176c   0x00000044   Code   RO          330    i.IIC_Ack           myiic.o
    0x080017b0   0x00000040   Code   RO          331    i.IIC_GPIO_Config   myiic.o
    0x080017f0   0x00000060   Code   RO          332    i.IIC_Read_Byte     myiic.o
    0x08001850   0x00000024   Code   RO          333    i.IIC_SDA_IN        myiic.o
    0x08001874   0x0000002c   Code   RO          334    i.IIC_SDA_OUT       myiic.o
    0x080018a0   0x00000044   Code   RO          335    i.IIC_Start         myiic.o
    0x080018e4   0x00000038   Code   RO          336    i.IIC_Stop          myiic.o
    0x0800191c   0x00000088   Code   RO          337    i.IIC_Write_Byte    myiic.o
    0x080019a4   0x00000058   Code   RO          569    i.Int_To_Str        gps.o
    0x080019fc   0x00000004   Code   RO          217    i.MemManage_Handler  stm32f10x_it.o
    0x08001a00   0x00000002   Code   RO          218    i.NMI_Handler       stm32f10x_it.o
    0x08001a02   0x0000002e   Code   RO            3    i.NVIC_Configuration1  main.o
    0x08001a30   0x00000070   Code   RO          734    i.NVIC_Init         misc.o
    0x08001aa0   0x00000014   Code   RO          735    i.NVIC_PriorityGroupConfig  misc.o
    0x08001ab4   0x00000014   Code   RO          736    i.NVIC_SetVectorTable  misc.o
    0x08001ac8   0x00000064   Code   RO            4    i.Neon_Flip         main.o
    0x08001b2c   0x0000002c   Code   RO            5    i.Neon_Gpio_Init    main.o
    0x08001b58   0x00000034   Code   RO            6    i.Neon_Init         main.o
    0x08001b8c   0x00000018   Code   RO          452    i.OLED_DLY_ms       oled.o
    0x08001ba4   0x00000036   Code   RO          453    i.OLED_Fill         oled.o
    0x08001bda   0x00000002   PAD
    0x08001bdc   0x000000dc   Code   RO          454    i.OLED_Init         oled.o
    0x08001cb8   0x00000068   Code   RO          456    i.OLED_P6x8Str      oled.o
    0x08001d20   0x00000028   Code   RO          460    i.OLED_Set_Pos      oled.o
    0x08001d48   0x00000054   Code   RO          461    i.OLED_WrCmd        oled.o
    0x08001d9c   0x00000090   Code   RO          462    i.OLED_WrDat        oled.o
    0x08001e2c   0x00000070   Code   RO          466    i.OLED_gpio_init    oled.o
    0x08001e9c   0x00000002   Code   RO          219    i.PendSV_Handler    stm32f10x_it.o
    0x08001e9e   0x00000002   PAD
    0x08001ea0   0x00000020   Code   RO         1062    i.RCC_APB2PeriphClockCmd  stm32f10x_rcc.o
    0x08001ec0   0x00000020   Code   RO         1063    i.RCC_APB2PeriphResetCmd  stm32f10x_rcc.o
    0x08001ee0   0x000000d4   Code   RO         1070    i.RCC_GetClocksFreq  stm32f10x_rcc.o
    0x08001fb4   0x00000060   Code   RO            7    i.RGB_ALL_ON        main.o
    0x08002014   0x00000060   Code   RO            8    i.RGB_OFF           main.o
    0x08002074   0x00000110   Code   RO            9    i.RGB_ON            main.o
    0x08002184   0x0000009c   Code   RO           10    i.RGB_gpio_init     main.o
    0x08002220   0x00000002   Code   RO          220    i.SVC_Handler       stm32f10x_it.o
    0x08002222   0x00000002   PAD
    0x08002224   0x00000198   Code   RO          298    i.SetDisplay        hv57708.o
    0x080023bc   0x00000008   Code   RO         3730    i.SetSysClock       system_stm32f10x.o
    0x080023c4   0x000000e0   Code   RO         3731    i.SetSysClockTo72   system_stm32f10x.o
    0x080024a4   0x00000120   Code   RO          570    i.Str_To_Double     gps.o
    0x080025c4   0x000000e0   Code   RO          571    i.Str_To_Float      gps.o
    0x080026a4   0x00000008   Code   RO          221    i.SysTick_Handler   stm32f10x_it.o
    0x080026ac   0x00000060   Code   RO         3733    i.SystemInit        system_stm32f10x.o
    0x0800270c   0x000000d8   Code   RO          397    i.Time_Handle       ds3231.o
    0x080027e4   0x00000018   Code   RO          655    i.TimingDelay_Decrement  bsp_config.o
    0x080027fc   0x00000024   Code   RO         3467    i.UART_PutChar      stm32f10x_usart.o
    0x08002820   0x0000001a   Code   RO         3468    i.UART_PutStr       stm32f10x_usart.o
    0x0800283a   0x00000002   PAD
    0x0800283c   0x0000008c   Code   RO           11    i.USART1_Configuration  main.o
    0x080028c8   0x000000f0   Code   RO          222    i.USART1_IRQHandler  stm32f10x_it.o
    0x080029b8   0x0000001e   Code   RO         3470    i.USART_ClearITPendingBit  stm32f10x_usart.o
    0x080029d6   0x00000018   Code   RO         3473    i.USART_Cmd         stm32f10x_usart.o
    0x080029ee   0x0000001a   Code   RO         3476    i.USART_GetFlagStatus  stm32f10x_usart.o
    0x08002a08   0x00000054   Code   RO         3477    i.USART_GetITStatus  stm32f10x_usart.o
    0x08002a5c   0x0000004a   Code   RO         3479    i.USART_ITConfig    stm32f10x_usart.o
    0x08002aa6   0x00000002   PAD
    0x08002aa8   0x000000d8   Code   RO         3480    i.USART_Init        stm32f10x_usart.o
    0x08002b80   0x0000000a   Code   RO         3487    i.USART_ReceiveData  stm32f10x_usart.o
    0x08002b8a   0x00000008   Code   RO         3490    i.USART_SendData    stm32f10x_usart.o
    0x08002b92   0x000000d0   Code   RO          573    i.UTC2BTC           gps.o
    0x08002c62   0x00000004   Code   RO          223    i.UsageFault_Handler  stm32f10x_it.o
    0x08002c66   0x0000000e   Code   RO         3844    i.__scatterload_copy  mc_w.l(handlers.o)
    0x08002c74   0x00000002   Code   RO         3845    i.__scatterload_null  mc_w.l(handlers.o)
    0x08002c76   0x0000000e   Code   RO         3846    i.__scatterload_zeroinit  mc_w.l(handlers.o)
    0x08002c84   0x00000032   Code   RO           12    i.convert           main.o
    0x08002cb6   0x0000001e   Code   RO          338    i.delay_us          myiic.o
    0x08002cd4   0x00000070   Code   RO           13    i.key_init          main.o
    0x08002d44   0x000002e4   Code   RO           14    i.main              main.o
    0x08003028   0x00000026   Code   RO           15    i.random            main.o
    0x0800304e   0x00000002   PAD
    0x08003050   0x00000b20   Data   RO          467    .constdata          oled.o
    0x08003b70   0x00000020   Data   RO         3842    Region$$Table       anon$$obj.o


    Execution Region RW_IRAM1 (Base: 0x20000000, Size: 0x00000730, Max: 0x00004000, ABSOLUTE)

    Base Addr    Size         Type   Attr      Idx    E Section Name        Object

    0x20000000   0x0000005d   Data   RW           17    .data               main.o
    0x2000005d   0x00000003   PAD
    0x20000060   0x00000011   Data   RW          225    .data               stm32f10x_it.o
    0x20000071   0x00000001   PAD
    0x20000072   0x00000025   Data   RW          398    .data               ds3231.o
    0x20000097   0x00000001   Data   RW          575    .data               gps.o
    0x20000098   0x00000008   Data   RW          658    .data               bsp_config.o
    0x200000a0   0x00000014   Data   RW         1090    .data               stm32f10x_rcc.o
    0x200000b4   0x00000004   Data   RW         3775    .data               mc_w.l(rand.o)
    0x200000b8   0x00000170   Zero   RW          224    .bss                stm32f10x_it.o
    0x20000228   0x00000104   Zero   RW          574    .bss                gps.o
    0x2000032c   0x00000004   PAD
    0x20000330   0x00000400   Zero   RW         3764    STACK               startup_stm32f10x_md.o


==============================================================================

Image component sizes


      Code (inc. data)   RO Data    RW Data    ZI Data      Debug   Object Name

        24          6          0          8          0        712   bsp_config.o
         0          0          0          0          0         32   core_cm3.o
       626         24          0         37          0       5521   ds3231.o
      2086        188          0          1        260       6607   gps.o
      1154         50          0          0          0       3540   hv57708.o
      2162        206          0         93          0     251214   main.o
       152         30          0          0          0       2149   misc.o
       598         42          0          0          0       4290   myiic.o
       834         44       2848          0          0       5558   oled.o
        36          8        236          0       1024        876   startup_stm32f10x_md.o
       486         24          0          0          0       8810   stm32f10x_adc.o
       448          6          0          0          0       4602   stm32f10x_gpio.o
       272         34          0         17        368       5161   stm32f10x_it.o
       276         32          0         20          0       4510   stm32f10x_rcc.o
       534         12          0          0          0       8192   stm32f10x_usart.o
       328         28          0          0          0       1809   system_stm32f10x.o

    ----------------------------------------------------------------------
     10042        734       3116        180       1656     313583   Object Totals
         0          0         32          0          0          0   (incl. Generated)
        26          0          0          4          4          0   (incl. Padding)

    ----------------------------------------------------------------------

      Code (inc. data)   RO Data    RW Data    ZI Data      Debug   Library Member Name

         0          0          0          0          0          0   entry.o
         0          0          0          0          0          0   entry10a.o
         0          0          0          0          0          0   entry11a.o
         8          4          0          0          0          0   entry2.o
         4          0          0          0          0          0   entry5.o
         0          0          0          0          0          0   entry7b.o
         0          0          0          0          0          0   entry8b.o
         8          4          0          0          0          0   entry9a.o
        30          0          0          0          0          0   handlers.o
        36          8          0          0          0         68   init.o
         0          0          0          0          0          0   iusefp.o
        30          0          0          0          0         68   llshl.o
        36          0          0          0          0         68   llsshr.o
        32          0          0          0          0         68   llushr.o
        36         10          0          4          0        136   rand.o
        24          0          0          0          0         68   strcat.o
        14          0          0          0          0         68   strlen.o
        24          0          0          0          0         76   strncpy.o
        48          0          0          0          0         68   cdcmple.o
        20          0          0          0          0         68   cfcmple.o
        56          0          0          0          0         88   d2f.o
       334          0          0          0          0        148   dadd.o
       222          0          0          0          0        100   ddiv.o
       186          0          0          0          0        176   depilogue.o
        62          0          0          0          0         80   dfixi.o
        34          0          0          0          0         76   dflti.o
       228          0          0          0          0         96   dmul.o
        38          0          0          0          0         68   f2d.o
       176          0          0          0          0        140   fadd.o
       124          0          0          0          0         88   fdiv.o
       110          0          0          0          0        168   fepilogue.o
        50          0          0          0          0         68   ffixi.o
        18          0          0          0          0         68   fflti.o
       100          0          0          0          0         76   fmul.o

    ----------------------------------------------------------------------
      2090         26          0          4          0       2196   Library Totals
         2          0          0          0          0          0   (incl. Padding)

    ----------------------------------------------------------------------

      Code (inc. data)   RO Data    RW Data    ZI Data      Debug   Library Name

       282         26          0          4          0        620   mc_w.l
      1806          0          0          0          0       1576   mf_w.l

    ----------------------------------------------------------------------
      2090         26          0          4          0       2196   Library Totals

    ----------------------------------------------------------------------

==============================================================================


      Code (inc. data)   RO Data    RW Data    ZI Data      Debug   

     12132        760       3116        184       1656     309899   Grand Totals
     12132        760       3116        184       1656     309899   ELF Image Totals
     12132        760       3116        184          0          0   ROM Totals

==============================================================================

    Total RO  Size (Code + RO Data)                15248 (  14.89kB)
    Total RW  Size (RW Data + ZI Data)              1840 (   1.80kB)
    Total ROM Size (Code + RO Data + RW Data)      15432 (  15.07kB)

==============================================================================

